Archive member included to satisfy reference by file (symbol)

app/libapp.a(main.c.obj)      (--whole-archive)
zephyr/libzephyr.a(soc_nrf_common.S.obj)
                              (--whole-archive)
zephyr/libzephyr.a(assert.c.obj)
                              (--whole-archive)
zephyr/libzephyr.a(bitarray.c.obj)
                              (--whole-archive)
zephyr/libzephyr.a(cbprintf.c.obj)
                              (--whole-archive)
zephyr/libzephyr.a(cbprintf_complete.c.obj)
                              (--whole-archive)
zephyr/libzephyr.a(cbprintf_packaged.c.obj)
                              (--whole-archive)
zephyr/libzephyr.a(configs.c.obj)
                              (--whole-archive)
zephyr/libzephyr.a(constraint.c.obj)
                              (--whole-archive)
zephyr/libzephyr.a(crc16_sw.c.obj)
                              (--whole-archive)
zephyr/libzephyr.a(crc32_sw.c.obj)
                              (--whole-archive)
zephyr/libzephyr.a(crc32c_sw.c.obj)
                              (--whole-archive)
zephyr/libzephyr.a(crc7_sw.c.obj)
                              (--whole-archive)
zephyr/libzephyr.a(crc8_sw.c.obj)
                              (--whole-archive)
zephyr/libzephyr.a(dec.c.obj)
                              (--whole-archive)
zephyr/libzephyr.a(fdtable.c.obj)
                              (--whole-archive)
zephyr/libzephyr.a(heap-validate.c.obj)
                              (--whole-archive)
zephyr/libzephyr.a(heap.c.obj)
                              (--whole-archive)
zephyr/libzephyr.a(hex.c.obj)
                              (--whole-archive)
zephyr/libzephyr.a(multi_heap.c.obj)
                              (--whole-archive)
zephyr/libzephyr.a(notify.c.obj)
                              (--whole-archive)
zephyr/libzephyr.a(nrf_cc3xx_platform_abort_zephyr.c.obj)
                              (--whole-archive)
zephyr/libzephyr.a(nrf_cc3xx_platform_mutex_zephyr.c.obj)
                              (--whole-archive)
zephyr/libzephyr.a(onoff.c.obj)
                              (--whole-archive)
zephyr/libzephyr.a(pm.c.obj)  (--whole-archive)
zephyr/libzephyr.a(printk.c.obj)
                              (--whole-archive)
zephyr/libzephyr.a(rb.c.obj)  (--whole-archive)
zephyr/libzephyr.a(reboot.c.obj)
                              (--whole-archive)
zephyr/libzephyr.a(residency.c.obj)
                              (--whole-archive)
zephyr/libzephyr.a(sem.c.obj)
                              (--whole-archive)
zephyr/libzephyr.a(thread_entry.c.obj)
                              (--whole-archive)
zephyr/libzephyr.a(timeutil.c.obj)
                              (--whole-archive)
zephyr/libzephyr.a(tracing_none.c.obj)
                              (--whole-archive)
zephyr/libzephyr.a(validate_base_addresses.c.obj)
                              (--whole-archive)
zephyr/libzephyr.a(validate_enabled_instances.c.obj)
                              (--whole-archive)
zephyr/arch/common/libarch__common.a(sw_isr_common.c.obj)
                              (--whole-archive)
zephyr/arch/arch/arm/core/aarch32/libarch__arm__core__aarch32.a(cpu_idle.S.obj)
                              (--whole-archive)
zephyr/arch/arch/arm/core/aarch32/libarch__arm__core__aarch32.a(isr_wrapper.S.obj)
                              (--whole-archive)
zephyr/arch/arch/arm/core/aarch32/libarch__arm__core__aarch32.a(nmi_on_reset.S.obj)
                              (--whole-archive)
zephyr/arch/arch/arm/core/aarch32/libarch__arm__core__aarch32.a(swap_helper.S.obj)
                              (--whole-archive)
zephyr/arch/arch/arm/core/aarch32/libarch__arm__core__aarch32.a(fatal.c.obj)
                              (--whole-archive)
zephyr/arch/arch/arm/core/aarch32/libarch__arm__core__aarch32.a(irq_manage.c.obj)
                              (--whole-archive)
zephyr/arch/arch/arm/core/aarch32/libarch__arm__core__aarch32.a(nmi.c.obj)
                              (--whole-archive)
zephyr/arch/arch/arm/core/aarch32/libarch__arm__core__aarch32.a(prep_c.c.obj)
                              (--whole-archive)
zephyr/arch/arch/arm/core/aarch32/libarch__arm__core__aarch32.a(swap.c.obj)
                              (--whole-archive)
zephyr/arch/arch/arm/core/aarch32/libarch__arm__core__aarch32.a(thread.c.obj)
                              (--whole-archive)
zephyr/arch/arch/arm/core/aarch32/cortex_m/libarch__arm__core__aarch32__cortex_m.a(exc_exit.S.obj)
                              (--whole-archive)
zephyr/arch/arch/arm/core/aarch32/cortex_m/libarch__arm__core__aarch32__cortex_m.a(fault_s.S.obj)
                              (--whole-archive)
zephyr/arch/arch/arm/core/aarch32/cortex_m/libarch__arm__core__aarch32__cortex_m.a(reset.S.obj)
                              (--whole-archive)
zephyr/arch/arch/arm/core/aarch32/cortex_m/libarch__arm__core__aarch32__cortex_m.a(vector_table.S.obj)
                              (--whole-archive)
[...]
Memory Configuration

Name             Origin             Length             Attributes
FLASH            0x0000000000000000 0x0000000000100000 xr
SRAM             0x0000000020000000 0x0000000000040000 xw
IDT_LIST         0x00000000fffff7ff 0x0000000000000800 xw
*default*        0x0000000000000000 0xffffffffffffffff

Linker script and memory map

LOAD zephyr/CMakeFiles/zephyr_pre0.dir/misc/empty_file.c.obj
LOAD zephyr/CMakeFiles/offsets.dir/./arch/arm/core/offsets/offsets.c.obj
                0x0000000000000020                _region_min_align = 0x20

.rel.plt        0x0000000000000000        0x0
 *(SORT_BY_ALIGNMENT(.rel.plt))
                [!provide]                        PROVIDE (__rel_iplt_start = .)
 *(SORT_BY_ALIGNMENT(.rel.iplt))
 .rel.iplt      0x0000000000000000        0x0 zephyr/CMakeFiles/offsets.dir/./arch/arm/core/offsets/offsets.c.obj
                [!provide]                        PROVIDE (__rel_iplt_end = .)

.rela.plt       0x0000000000000000        0x0
 *(SORT_BY_ALIGNMENT(.rela.plt))
                [!provide]                        PROVIDE (__rela_iplt_start = .)
 *(SORT_BY_ALIGNMENT(.rela.iplt))
                [!provide]                        PROVIDE (__rela_iplt_end = .)

.rel.dyn
 *(SORT_BY_ALIGNMENT(.rel.*))

.rela.dyn
 *(SORT_BY_ALIGNMENT(.rela.*))

/DISCARD/
 *(SORT_BY_ALIGNMENT(.plt))
 *(SORT_BY_ALIGNMENT(.iplt))
 *(SORT_BY_ALIGNMENT(.got.plt))
 *(SORT_BY_ALIGNMENT(.igot.plt))
 *(SORT_BY_ALIGNMENT(.got))
 *(SORT_BY_ALIGNMENT(.igot))
 *(SORT_BY_ALIGNMENT(.note.GNU-stack))
                0x0000000000000000                __rom_region_start = 0x0

rom_start       0x0000000000000000      0x100
                0x0000000000000000                . = 0x0
                0x0000000000000000                . = ALIGN (0x4)
                0x0000000000000000                . = ALIGN (0x80)
                0x0000000000000000                . = ALIGN (0x100)
                0x0000000000000000                _vector_start = .
 *(SORT_BY_ALIGNMENT(.exc_vector_table))
 *(SORT_BY_ALIGNMENT(.exc_vector_table.*))
 .exc_vector_table._vector_table_section
                0x0000000000000000       0x40 zephyr/arch/arch/arm/core/aarch32/cortex_m/libarch__arm__core__aarch32__cortex_m.a(vector_table.S.obj)
                0x0000000000000000                _vector_table
 *(SORT_BY_ALIGNMENT(.gnu.linkonce.irq_vector_table*))
 .gnu.linkonce.irq_vector_table
                0x0000000000000040       0xc0 zephyr/arch/common/libisr_tables.a(isr_tables.c.obj)
                0x0000000000000040                _irq_vector_table
 *(SORT_BY_ALIGNMENT(.vectors))
                0x0000000000000100                _vector_end = .

text            0x0000000000000100     0x72b0
                0x0000000000000100                __text_region_start = .
 *(SORT_BY_ALIGNMENT(.text))
 .text          0x0000000000000100      0x21c /opt/gnuarmemb/gcc-arm-none-eabi-9-2019-q4-major/bin/../lib/gcc/arm-none-eabi/9.2.1/thumb/v7e-m/nofp/libgcc.a(_arm_addsubsf3.o)
                0x0000000000000100                __aeabi_frsub
                0x0000000000000108                __subsf3
                0x0000000000000108                __aeabi_fsub
                0x000000000000010c                __aeabi_fadd
                0x000000000000010c                __addsf3
                0x000000000000026c                __aeabi_ui2f
                0x000000000000026c                __floatunsisf
                0x0000000000000274                __aeabi_i2f
                0x0000000000000274                __floatsisf
                0x0000000000000290                __floatundisf
                0x0000000000000290                __aeabi_ul2f
                0x00000000000002a0                __floatdisf
                0x00000000000002a0                __aeabi_l2f
 .text          0x000000000000031c       0xec /opt/gnuarmemb/gcc-arm-none-eabi-9-2019-q4-major/bin/../lib/gcc/arm-none-eabi/9.2.1/thumb/v7e-m/nofp/libgcc.a(_arm_cmpsf2.o)
                0x000000000000031c                __gtsf2
                0x000000000000031c                __gesf2
                0x0000000000000324                __lesf2
                0x0000000000000324                __ltsf2
                0x000000000000032c                __nesf2
                0x000000000000032c                __eqsf2
                0x000000000000032c                __cmpsf2
                0x000000000000038c                __aeabi_cfrcmple
                0x0000000000000394                __aeabi_cfcmple
                0x0000000000000394                __aeabi_cfcmpeq
                0x00000000000003a4                __aeabi_fcmpeq
                0x00000000000003b8                __aeabi_fcmplt
                0x00000000000003cc                __aeabi_fcmple
                0x00000000000003e0                __aeabi_fcmpge
                0x00000000000003f4                __aeabi_fcmpgt
 .text          0x0000000000000408       0x30 /opt/gnuarmemb/gcc-arm-none-eabi-9-2019-q4-major/bin/../lib/gcc/arm-none-eabi/9.2.1/thumb/v7e-m/nofp/libgcc.a(_aeabi_uldivmod.o)
                0x0000000000000408                __aeabi_uldivmod
 .text          0x0000000000000438      0x2c0 /opt/gnuarmemb/gcc-arm-none-eabi-9-2019-q4-major/bin/../lib/gcc/arm-none-eabi/9.2.1/thumb/v7e-m/nofp/libgcc.a(_udivmoddi4.o)
                0x0000000000000438                __udivmoddi4
 .text          0x00000000000006f8        0x4 /opt/gnuarmemb/gcc-arm-none-eabi-9-2019-q4-major/bin/../lib/gcc/arm-none-eabi/9.2.1/thumb/v7e-m/nofp/libgcc.a(_dvmd_tls.o)
                0x00000000000006f8                __aeabi_ldiv0
                0x00000000000006f8                __aeabi_idiv0
 *(SORT_BY_ALIGNMENT(.text.*))
 .text.but1press_cbfunction
                0x00000000000006fc       0x1c app/libapp.a(main.c.obj)
                0x00000000000006fc                but1press_cbfunction
 .text.but2press_cbfunction
                0x0000000000000718       0x1c app/libapp.a(main.c.obj)
                0x0000000000000718                but2press_cbfunction
 .text.but3press_cbfunction
                0x0000000000000734       0x18 app/libapp.a(main.c.obj)
                0x0000000000000734                but3press_cbfunction
 .text.but4press_cbfunction
                0x000000000000074c       0x18 app/libapp.a(main.c.obj)
                0x000000000000074c                but4press_cbfunction
 .text.butuppress_cbfunction
                0x0000000000000764        0xc app/libapp.a(main.c.obj)
                0x0000000000000764                butuppress_cbfunction
 .text.butreturnpress_cbfunction
                0x0000000000000770        0xc app/libapp.a(main.c.obj)
                0x0000000000000770                butreturnpress_cbfunction
 .text.gpio_pin_configure.constprop.0
                0x000000000000077c       0x64 app/libapp.a(main.c.obj)
 .text.gpio_pin_interrupt_configure.constprop.0
                0x00000000000007e0       0x6c app/libapp.a(main.c.obj)
 .text.input_output_config
                0x000000000000084c      0x138 app/libapp.a(main.c.obj)
                0x000000000000084c                input_output_config
 .text.main     0x0000000000000984       0xc4 app/libapp.a(main.c.obj)
                0x0000000000000984                main
 .text.cbvprintf
                0x0000000000000a48      0x780 zephyr/libzephyr.a(cbprintf_complete.c.obj)
                0x0000000000000a48                cbvprintf
 .text.sys_notify_finalize
                0x00000000000011c8       0x40 zephyr/libzephyr.a(notify.c.obj)
                0x00000000000011c8                sys_notify_finalize
 .text.nrf_cc3xx_platform_abort_init
                0x0000000000001208        0xc zephyr/libzephyr.a(nrf_cc3xx_platform_abort_zephyr.c.obj)
                0x0000000000001208                nrf_cc3xx_platform_abort_init
 .text.mutex_unlock_platform
                0x0000000000001214       0x4c zephyr/libzephyr.a(nrf_cc3xx_platform_mutex_zephyr.c.obj)
 .text.mutex_free_platform
                0x0000000000001260       0x48 zephyr/libzephyr.a(nrf_cc3xx_platform_mutex_zephyr.c.obj)
 .text.mutex_init_platform
                0x00000000000012a8       0x70 zephyr/libzephyr.a(nrf_cc3xx_platform_mutex_zephyr.c.obj)
 .text.mutex_lock_platform
                0x0000000000001318       0x58 zephyr/libzephyr.a(nrf_cc3xx_platform_mutex_zephyr.c.obj)
 .text.nrf_cc3xx_platform_mutex_init
                0x0000000000001370       0x2c zephyr/libzephyr.a(nrf_cc3xx_platform_mutex_zephyr.c.obj)
                0x0000000000001370                nrf_cc3xx_platform_mutex_init
 .text.process_event
                0x000000000000139c      0x3f4 zephyr/libzephyr.a(onoff.c.obj)
 .text.transition_complete
                0x0000000000001790       0x64 zephyr/libzephyr.a(onoff.c.obj)
 .text.onoff_request
                0x00000000000017f4      0x130 zephyr/libzephyr.a(onoff.c.obj)
                0x00000000000017f4                onoff_request
 .text.pm_state_notify
                0x0000000000001924       0xcc zephyr/libzephyr.a(pm.c.obj)
 .text.atomic_test_and_set_bit.constprop.0
                0x00000000000019f0       0x38 zephyr/libzephyr.a(pm.c.obj)
 .text.pm_system_resume
                0x0000000000001a28       0x88 zephyr/libzephyr.a(pm.c.obj)
                0x0000000000001a28                pm_system_resume
 .text.pm_system_suspend
                0x0000000000001ab0      0x100 zephyr/libzephyr.a(pm.c.obj)
                0x0000000000001ab0                pm_system_suspend
 .text.char_out
                0x0000000000001bb0       0x10 zephyr/libzephyr.a(printk.c.obj)
 .text.__printk_hook_install
                0x0000000000001bc0        0xc zephyr/libzephyr.a(printk.c.obj)
                0x0000000000001bc0                __printk_hook_install
 .text.vprintk  0x0000000000001bcc       0x1c zephyr/libzephyr.a(printk.c.obj)
                0x0000000000001bcc                vprintk
 .text.sys_reboot
                0x0000000000001be8       0x28 zephyr/libzephyr.a(reboot.c.obj)
                0x0000000000001be8                sys_reboot
 .text.z_arm_cpu_idle_init
                0x0000000000001c10        0xc zephyr/arch/arch/arm/core/aarch32/libarch__arm__core__aarch32.a(cpu_idle.S.obj)
                0x0000000000001c10                z_arm_cpu_idle_init
 .text.arch_cpu_idle
                0x0000000000001c1c       0x1c zephyr/arch/arch/arm/core/aarch32/libarch__arm__core__aarch32.a(cpu_idle.S.obj)
                0x0000000000001c1c                arch_cpu_idle
 .text.arch_cpu_atomic_idle
                0x0000000000001c38       0x14 zephyr/arch/arch/arm/core/aarch32/libarch__arm__core__aarch32.a(cpu_idle.S.obj)
                0x0000000000001c38                arch_cpu_atomic_idle
 .text._isr_wrapper
                0x0000000000001c4c       0x40 zephyr/arch/arch/arm/core/aarch32/libarch__arm__core__aarch32.a(isr_wrapper.S.obj)
                0x0000000000001c4c                _isr_wrapper
 .text.z_SysNmiOnReset
                0x0000000000001c8c        0x8 zephyr/arch/arch/arm/core/aarch32/libarch__arm__core__aarch32.a(nmi_on_reset.S.obj)
                0x0000000000001c8c                z_SysNmiOnReset
 .text.z_arm_pendsv
                0x0000000000001c94       0x54 zephyr/arch/arch/arm/core/aarch32/libarch__arm__core__aarch32.a(swap_helper.S.obj)
                0x0000000000001c94                z_arm_pendsv
 .text.z_arm_svc
                0x0000000000001ce8       0x20 zephyr/arch/arch/arm/core/aarch32/libarch__arm__core__aarch32.a(swap_helper.S.obj)
                0x0000000000001ce8                z_arm_svc
 .text.arch_irq_enable
                0x0000000000001d08       0x20 zephyr/arch/arch/arm/core/aarch32/libarch__arm__core__aarch32.a(irq_manage.c.obj)
                0x0000000000001d08                arch_irq_enable
 .text.arch_irq_is_enabled
                0x0000000000001d28       0x1c zephyr/arch/arch/arm/core/aarch32/libarch__arm__core__aarch32.a(irq_manage.c.obj)
                0x0000000000001d28                arch_irq_is_enabled
 .text.z_arm_irq_priority_set
                0x0000000000001d44       0x68 zephyr/arch/arch/arm/core/aarch32/libarch__arm__core__aarch32.a(irq_manage.c.obj)
                0x0000000000001d44                z_arm_irq_priority_set
 .text.z_arm_prep_c
                0x0000000000001dac       0x38 zephyr/arch/arch/arm/core/aarch32/libarch__arm__core__aarch32.a(prep_c.c.obj)
                0x0000000000001dac                z_arm_prep_c
 .text.arch_swap
                0x0000000000001de4       0x34 zephyr/arch/arch/arm/core/aarch32/libarch__arm__core__aarch32.a(swap.c.obj)
                0x0000000000001de4                arch_swap
 .text.arch_new_thread
                0x0000000000001e18       0x38 zephyr/arch/arch/arm/core/aarch32/libarch__arm__core__aarch32.a(thread.c.obj)
                0x0000000000001e18                arch_new_thread
 .text.z_check_thread_stack_fail
                0x0000000000001e50       0x34 zephyr/arch/arch/arm/core/aarch32/libarch__arm__core__aarch32.a(thread.c.obj)
                0x0000000000001e50                z_check_thread_stack_fail
 .text.arch_switch_to_main_thread
                0x0000000000001e84       0x2c zephyr/arch/arch/arm/core/aarch32/libarch__arm__core__aarch32.a(thread.c.obj)
                0x0000000000001e84                arch_switch_to_main_thread
 .text._HandlerModeExit
                0x0000000000001eb0       0x1c zephyr/arch/arch/arm/core/aarch32/cortex_m/libarch__arm__core__aarch32__cortex_m.a(exc_exit.S.obj)
                0x0000000000001eb0                z_arm_exc_exit
                0x0000000000001eb0                z_arm_int_exit
 .text.__fault  0x0000000000001ecc       0x14 zephyr/arch/arch/arm/core/aarch32/cortex_m/libarch__arm__core__aarch32__cortex_m.a(fault_s.S.obj)
                0x0000000000001ecc                z_arm_bus_fault
                0x0000000000001ecc                z_arm_usage_fault
                0x0000000000001ecc                z_arm_mpu_fault
                0x0000000000001ecc                z_arm_exc_spurious
                0x0000000000001ecc                z_arm_debug_monitor
                0x0000000000001ecc                z_arm_hard_fault
 .text._reset_section
                0x0000000000001ee0       0x54 zephyr/arch/arch/arm/core/aarch32/cortex_m/libarch__arm__core__aarch32__cortex_m.a(reset.S.obj)
                0x0000000000001ee0                z_arm_reset
                0x0000000000001ee0                __start
 .text.mem_manage_fault
                0x0000000000001f34       0xa4 zephyr/arch/arch/arm/core/aarch32/cortex_m/libarch__arm__core__aarch32__cortex_m.a(fault.c.obj)
 .text.bus_fault.isra.0
                0x0000000000001fd8       0x3c zephyr/arch/arch/arm/core/aarch32/cortex_m/libarch__arm__core__aarch32__cortex_m.a(fault.c.obj)
 .text.usage_fault.isra.0
                0x0000000000002014       0x24 zephyr/arch/arch/arm/core/aarch32/cortex_m/libarch__arm__core__aarch32__cortex_m.a(fault.c.obj)
 .text.z_arm_fault
                0x0000000000002038      0x17c zephyr/arch/arch/arm/core/aarch32/cortex_m/libarch__arm__core__aarch32__cortex_m.a(fault.c.obj)
                0x0000000000002038                z_arm_fault
 .text.z_arm_fault_init
                0x00000000000021b4       0x10 zephyr/arch/arch/arm/core/aarch32/cortex_m/libarch__arm__core__aarch32__cortex_m.a(fault.c.obj)
                0x00000000000021b4                z_arm_fault_init
 .text.z_arm_interrupt_init
                0x00000000000021c4       0x18 zephyr/arch/arch/arm/core/aarch32/cortex_m/libarch__arm__core__aarch32__cortex_m.a(irq_init.c.obj)
                0x00000000000021c4                z_arm_interrupt_init
 .text.z_arm_clear_arm_mpu_config
                0x00000000000021dc       0x20 zephyr/arch/arch/arm/core/aarch32/cortex_m/libarch__arm__core__aarch32__cortex_m.a(scb.c.obj)
                0x00000000000021dc                z_arm_clear_arm_mpu_config
 .text.z_arm_init_arch_hw_at_boot
                0x00000000000021fc       0x64 zephyr/arch/arch/arm/core/aarch32/cortex_m/libarch__arm__core__aarch32__cortex_m.a(scb.c.obj)
                0x00000000000021fc                z_arm_init_arch_hw_at_boot
 .text.z_impl_k_thread_abort
                0x0000000000002260       0x24 zephyr/arch/arch/arm/core/aarch32/cortex_m/libarch__arm__core__aarch32__cortex_m.a(thread_abort.c.obj)
                0x0000000000002260                z_impl_k_thread_abort
 .text.z_arm_configure_static_mpu_regions
                0x0000000000002284       0x18 zephyr/arch/arch/arm/core/aarch32/mpu/libarch__arm__core__aarch32__mpu.a(arm_core_mpu.c.obj)
                0x0000000000002284                z_arm_configure_static_mpu_regions
 .text.z_arm_configure_dynamic_mpu_regions
                0x000000000000229c       0x20 zephyr/arch/arch/arm/core/aarch32/mpu/libarch__arm__core__aarch32__mpu.a(arm_core_mpu.c.obj)
                0x000000000000229c                z_arm_configure_dynamic_mpu_regions
 .text.mpu_configure_regions
                0x00000000000022bc       0x80 zephyr/arch/arch/arm/core/aarch32/mpu/libarch__arm__core__aarch32__mpu.a(arm_mpu.c.obj)
 .text.arm_core_mpu_enable
                0x000000000000233c       0x14 zephyr/arch/arch/arm/core/aarch32/mpu/libarch__arm__core__aarch32__mpu.a(arm_mpu.c.obj)
                0x000000000000233c                arm_core_mpu_enable
 .text.arm_core_mpu_disable
                0x0000000000002350       0x10 zephyr/arch/arch/arm/core/aarch32/mpu/libarch__arm__core__aarch32__mpu.a(arm_mpu.c.obj)
                0x0000000000002350                arm_core_mpu_disable
 .text.arm_core_mpu_configure_static_mpu_regions
                0x0000000000002360       0x50 zephyr/arch/arch/arm/core/aarch32/mpu/libarch__arm__core__aarch32__mpu.a(arm_mpu.c.obj)
                0x0000000000002360                arm_core_mpu_configure_static_mpu_regions
 .text.arm_core_mpu_configure_dynamic_mpu_regions
                0x00000000000023b0       0x64 zephyr/arch/arch/arm/core/aarch32/mpu/libarch__arm__core__aarch32__mpu.a(arm_mpu.c.obj)
                0x00000000000023b0                arm_core_mpu_configure_dynamic_mpu_regions
 .text.z_arm_mpu_init
                0x0000000000002414       0xbc zephyr/arch/arch/arm/core/aarch32/mpu/libarch__arm__core__aarch32__mpu.a(arm_mpu.c.obj)
                0x0000000000002414                z_arm_mpu_init
 .text.__stdout_hook_install
                0x00000000000024d0        0xc zephyr/lib/libc/minimal/liblib__libc__minimal.a(stdout_console.c.obj)
                0x00000000000024d0                __stdout_hook_install
 .text.nordicsemi_nrf52_init
                0x00000000000024dc       0x64 zephyr/soc/arm/nordic_nrf/nrf52/libsoc__arm__nordic_nrf__nrf52.a(soc.c.obj)
 .text.sys_arch_reboot
                0x0000000000002540       0x2c zephyr/soc/arm/nordic_nrf/nrf52/libsoc__arm__nordic_nrf__nrf52.a(soc.c.obj)
                0x0000000000002540                sys_arch_reboot
 .text.arch_busy_wait
                0x000000000000256c       0x14 zephyr/soc/arm/nordic_nrf/nrf52/libsoc__arm__nordic_nrf__nrf52.a(soc.c.obj)
                0x000000000000256c                arch_busy_wait
 .text.onoff_start
                0x0000000000002580       0x54 zephyr/drivers/clock_control/libdrivers__clock_control.a(clock_control_nrf.c.obj)
 .text.get_status
                0x00000000000025d4       0x3c zephyr/drivers/clock_control/libdrivers__clock_control.a(clock_control_nrf.c.obj)
 .text.stop     0x0000000000002610       0x7c zephyr/drivers/clock_control/libdrivers__clock_control.a(clock_control_nrf.c.obj)
 .text.onoff_stop
                0x000000000000268c       0x28 zephyr/drivers/clock_control/libdrivers__clock_control.a(clock_control_nrf.c.obj)
 .text.clk_init
                0x00000000000026b4       0x60 zephyr/drivers/clock_control/libdrivers__clock_control.a(clock_control_nrf.c.obj)
 .text.clkstarted_handle.constprop.0
                0x0000000000002714       0x34 zephyr/drivers/clock_control/libdrivers__clock_control.a(clock_control_nrf.c.obj)
 .text.clock_event_handler
                0x0000000000002748       0x60 zephyr/drivers/clock_control/libdrivers__clock_control.a(clock_control_nrf.c.obj)
 .text.generic_hfclk_start
                0x00000000000027a8       0x64 zephyr/drivers/clock_control/libdrivers__clock_control.a(clock_control_nrf.c.obj)
 .text.generic_hfclk_stop
                0x000000000000280c       0x2c zephyr/drivers/clock_control/libdrivers__clock_control.a(clock_control_nrf.c.obj)
 .text.api_blocking_start
                0x0000000000002838       0x34 zephyr/drivers/clock_control/libdrivers__clock_control.a(clock_control_nrf.c.obj)
 .text.z_nrf_clock_control_lf_on
                0x000000000000286c      0x158 zephyr/drivers/clock_control/libdrivers__clock_control.a(clock_control_nrf.c.obj)
                0x000000000000286c                z_nrf_clock_control_lf_on
 .text.uart_console_init
                0x00000000000029c4       0x30 zephyr/drivers/console/libdrivers__console.a(uart_console.c.obj)
 .text.console_out
                0x00000000000029f4       0x28 zephyr/drivers/console/libdrivers__console.a(uart_console.c.obj)
 .text.gpio_nrfx_manage_callback
                0x0000000000002a1c       0xac zephyr/drivers/gpio/libdrivers__gpio.a(gpio_nrfx.c.obj)
 .text.nrfx_gpio_handler
                0x0000000000002ac8       0x98 zephyr/drivers/gpio/libdrivers__gpio.a(gpio_nrfx.c.obj)
 .text.gpio_nrfx_pin_interrupt_configure
                0x0000000000002b60      0x130 zephyr/drivers/gpio/libdrivers__gpio.a(gpio_nrfx.c.obj)
 .text.gpio_nrfx_init
                0x0000000000002c90       0x38 zephyr/drivers/gpio/libdrivers__gpio.a(gpio_nrfx.c.obj)
 .text.gpio_nrfx_pin_configure
                0x0000000000002cc8      0x15c zephyr/drivers/gpio/libdrivers__gpio.a(gpio_nrfx.c.obj)
 .text.uarte_nrfx_configure
                0x0000000000002e24      0x164 zephyr/drivers/serial/libdrivers__serial.a(uart_nrfx_uarte.c.obj)
 .text.nrf_gpio_pin_port_decode
                0x0000000000002f88       0x84 zephyr/drivers/serial/libdrivers__serial.a(uart_nrfx_uarte.c.obj)
 .text.uarte_nrfx_poll_out
                0x000000000000300c       0xc4 zephyr/drivers/serial/libdrivers__serial.a(uart_nrfx_uarte.c.obj)
 .text.uarte_instance_init.isra.0
                0x00000000000030d0      0x198 zephyr/drivers/serial/libdrivers__serial.a(uart_nrfx_uarte.c.obj)
 .text.sys_clock_timeout_handler
                0x0000000000003268       0x78 zephyr/drivers/timer/libdrivers__timer.a(nrf_rtc_timer.c.obj)
 .text.compare_int_lock
                0x00000000000032e0       0x50 zephyr/drivers/timer/libdrivers__timer.a(nrf_rtc_timer.c.obj)
 .text.compare_int_unlock.part.0
                0x0000000000003330       0x5c zephyr/drivers/timer/libdrivers__timer.a(nrf_rtc_timer.c.obj)
 .text.z_nrf_rtc_timer_read
                0x000000000000338c       0x44 zephyr/drivers/timer/libdrivers__timer.a(nrf_rtc_timer.c.obj)
                0x000000000000338c                z_nrf_rtc_timer_read
 .text.compare_set
                0x00000000000033d0      0x154 zephyr/drivers/timer/libdrivers__timer.a(nrf_rtc_timer.c.obj)
 .text.sys_clock_driver_init
                0x0000000000003524       0x84 zephyr/drivers/timer/libdrivers__timer.a(nrf_rtc_timer.c.obj)
 .text.rtc_nrf_isr
                0x00000000000035a8       0xf0 zephyr/drivers/timer/libdrivers__timer.a(nrf_rtc_timer.c.obj)
                0x00000000000035a8                rtc_nrf_isr
 .text.sys_clock_set_timeout
                0x0000000000003698       0x60 zephyr/drivers/timer/libdrivers__timer.a(nrf_rtc_timer.c.obj)
                0x0000000000003698                sys_clock_set_timeout
 .text.sys_clock_elapsed
                0x00000000000036f8       0x14 zephyr/drivers/timer/libdrivers__timer.a(nrf_rtc_timer.c.obj)
                0x00000000000036f8                sys_clock_elapsed
 .text.nrf_clock_is_running.constprop.0
                0x000000000000370c       0x68 modules/hal_nordic/nrfx/libmodules__hal_nordic__nrfx.a(nrfx_clock.c.obj)
 .text.nrfx_clock_init
                0x0000000000003774       0x48 modules/hal_nordic/nrfx/libmodules__hal_nordic__nrfx.a(nrfx_clock.c.obj)
                0x0000000000003774                nrfx_clock_init
 .text.nrfx_clock_enable
                0x00000000000037bc       0x40 modules/hal_nordic/nrfx/libmodules__hal_nordic__nrfx.a(nrfx_clock.c.obj)
                0x00000000000037bc                nrfx_clock_enable
 .text.nrfx_clock_start
                0x00000000000037fc       0xa8 modules/hal_nordic/nrfx/libmodules__hal_nordic__nrfx.a(nrfx_clock.c.obj)
                0x00000000000037fc                nrfx_clock_start
 .text.nrfx_clock_stop
                0x00000000000038a4       0xdc modules/hal_nordic/nrfx/libmodules__hal_nordic__nrfx.a(nrfx_clock.c.obj)
                0x00000000000038a4                nrfx_clock_stop
 .text.nrfx_power_clock_irq_handler
                0x0000000000003980       0x68 modules/hal_nordic/nrfx/libmodules__hal_nordic__nrfx.a(nrfx_clock.c.obj)
                0x0000000000003980                nrfx_power_clock_irq_handler
 .text.nrfx_flag32_alloc
                0x00000000000039e8       0x48 modules/hal_nordic/nrfx/libmodules__hal_nordic__nrfx.a(nrfx_flag32_allocator.c.obj)
                0x00000000000039e8                nrfx_flag32_alloc
 .text.nrfx_flag32_free
                0x0000000000003a30       0x44 modules/hal_nordic/nrfx/libmodules__hal_nordic__nrfx.a(nrfx_flag32_allocator.c.obj)
                0x0000000000003a30                nrfx_flag32_free
 .text.pin_is_task_output
                0x0000000000003a74       0x1c modules/hal_nordic/nrfx/libmodules__hal_nordic__nrfx.a(nrfx_gpiote.c.obj)
 .text.call_handler
                0x0000000000003a90       0x3c modules/hal_nordic/nrfx/libmodules__hal_nordic__nrfx.a(nrfx_gpiote.c.obj)
 .text.release_handler
                0x0000000000003acc       0x80 modules/hal_nordic/nrfx/libmodules__hal_nordic__nrfx.a(nrfx_gpiote.c.obj)
 .text.pin_handler_trigger_uninit
                0x0000000000003b4c       0x34 modules/hal_nordic/nrfx/libmodules__hal_nordic__nrfx.a(nrfx_gpiote.c.obj)
 .text.nrf_gpio_pin_port_decode
                0x0000000000003b80       0x6c modules/hal_nordic/nrfx/libmodules__hal_nordic__nrfx.a(nrfx_gpiote.c.obj)
 .text.nrfx_gpiote_input_configure
                0x0000000000003bec      0x150 modules/hal_nordic/nrfx/libmodules__hal_nordic__nrfx.a(nrfx_gpiote.c.obj)
                0x0000000000003bec                nrfx_gpiote_input_configure
 .text.nrfx_gpiote_output_configure
                0x0000000000003d3c       0xe0 modules/hal_nordic/nrfx/libmodules__hal_nordic__nrfx.a(nrfx_gpiote.c.obj)
                0x0000000000003d3c                nrfx_gpiote_output_configure
 .text.nrfx_gpiote_global_callback_set
                0x0000000000003e1c        0xc modules/hal_nordic/nrfx/libmodules__hal_nordic__nrfx.a(nrfx_gpiote.c.obj)
                0x0000000000003e1c                nrfx_gpiote_global_callback_set
 .text.nrfx_gpiote_channel_get
                0x0000000000003e28       0x50 modules/hal_nordic/nrfx/libmodules__hal_nordic__nrfx.a(nrfx_gpiote.c.obj)
                0x0000000000003e28                nrfx_gpiote_channel_get
 .text.nrfx_gpiote_init
                0x0000000000003e78       0x50 modules/hal_nordic/nrfx/libmodules__hal_nordic__nrfx.a(nrfx_gpiote.c.obj)
                0x0000000000003e78                nrfx_gpiote_init
 .text.nrfx_gpiote_is_init
                0x0000000000003ec8       0x14 modules/hal_nordic/nrfx/libmodules__hal_nordic__nrfx.a(nrfx_gpiote.c.obj)
                0x0000000000003ec8                nrfx_gpiote_is_init
 .text.nrfx_gpiote_channel_free
                0x0000000000003edc        0xc modules/hal_nordic/nrfx/libmodules__hal_nordic__nrfx.a(nrfx_gpiote.c.obj)
                0x0000000000003edc                nrfx_gpiote_channel_free
 .text.nrfx_gpiote_channel_alloc
                0x0000000000003ee8        0xc modules/hal_nordic/nrfx/libmodules__hal_nordic__nrfx.a(nrfx_gpiote.c.obj)
                0x0000000000003ee8                nrfx_gpiote_channel_alloc
 .text.nrfx_gpiote_trigger_enable
                0x0000000000003ef4       0xe0 modules/hal_nordic/nrfx/libmodules__hal_nordic__nrfx.a(nrfx_gpiote.c.obj)
                0x0000000000003ef4                nrfx_gpiote_trigger_enable
 .text.nrfx_gpiote_trigger_disable
                0x0000000000003fd4       0x44 modules/hal_nordic/nrfx/libmodules__hal_nordic__nrfx.a(nrfx_gpiote.c.obj)
                0x0000000000003fd4                nrfx_gpiote_trigger_disable
 .text.nrfx_gpiote_pin_uninit
                0x0000000000004018       0x48 modules/hal_nordic/nrfx/libmodules__hal_nordic__nrfx.a(nrfx_gpiote.c.obj)
                0x0000000000004018                nrfx_gpiote_pin_uninit
 .text.nrfx_gpiote_irq_handler
                0x0000000000004060      0x1b4 modules/hal_nordic/nrfx/libmodules__hal_nordic__nrfx.a(nrfx_gpiote.c.obj)
                0x0000000000004060                nrfx_gpiote_irq_handler
 .text.nrfx_ppi_channel_alloc
                0x0000000000004214        0xc modules/hal_nordic/nrfx/libmodules__hal_nordic__nrfx.a(nrfx_ppi.c.obj)
                0x0000000000004214                nrfx_ppi_channel_alloc
 .text.nrf52_errata_36
                0x0000000000004220       0x14 modules/hal_nordic/nrfx/libmodules__hal_nordic__nrfx.a(system_nrf52840.c.obj)
 .text.nrf52_errata_98
                0x0000000000004234       0x28 modules/hal_nordic/nrfx/libmodules__hal_nordic__nrfx.a(system_nrf52840.c.obj)
 .text.nvmc_wait
                0x000000000000425c       0x10 modules/hal_nordic/nrfx/libmodules__hal_nordic__nrfx.a(system_nrf52840.c.obj)
                0x000000000000425c                nvmc_wait
 .text.SystemInit
                0x000000000000426c      0x1d0 modules/hal_nordic/nrfx/libmodules__hal_nordic__nrfx.a(system_nrf52840.c.obj)
                0x000000000000426c                SystemInit
 .text._DoInit  0x000000000000443c       0x6c modules/segger/libmodules__segger.a(SEGGER_RTT.c.obj)
 .text.z_sys_init_run_level
                0x00000000000044a8       0x40 zephyr/kernel/libkernel.a(device.c.obj)
                0x00000000000044a8                z_sys_init_run_level
 .text.z_impl_device_get_binding
                0x00000000000044e8       0x58 zephyr/kernel/libkernel.a(device.c.obj)
                0x00000000000044e8                z_impl_device_get_binding
 .text.z_fatal_error
                0x0000000000004540       0x64 zephyr/kernel/libkernel.a(fatal.c.obj)
                0x0000000000004540                z_fatal_error
 .text.idle     0x00000000000045a4       0x58 zephyr/kernel/libkernel.a(idle.c.obj)
                0x00000000000045a4                idle
 .text.init_idle_thread
                0x00000000000045fc       0x58 zephyr/kernel/libkernel.a(init.c.obj)
 .text.bg_thread_main
                0x0000000000004654       0x34 zephyr/kernel/libkernel.a(init.c.obj)
 .text.z_bss_zero
                0x0000000000004688       0x14 zephyr/kernel/libkernel.a(init.c.obj)
                0x0000000000004688                z_bss_zero
 .text.z_cstart
                0x000000000000469c       0xe4 zephyr/kernel/libkernel.a(init.c.obj)
                0x000000000000469c                z_cstart
 .text.init_mem_slab_module
                0x0000000000004780       0x78 zephyr/kernel/libkernel.a(mem_slab.c.obj)
 .text.k_mem_slab_alloc
                0x00000000000047f8       0xd8 zephyr/kernel/libkernel.a(mem_slab.c.obj)
                0x00000000000047f8                k_mem_slab_alloc
 .text.k_mem_slab_free
                0x00000000000048d0       0xc8 zephyr/kernel/libkernel.a(mem_slab.c.obj)
                0x00000000000048d0                k_mem_slab_free
 .text.z_impl_k_mutex_lock
                0x0000000000004998      0x200 zephyr/kernel/libkernel.a(mutex.c.obj)
                0x0000000000004998                z_impl_k_mutex_lock
 .text.z_impl_k_mutex_unlock
                0x0000000000004b98      0x190 zephyr/kernel/libkernel.a(mutex.c.obj)
                0x0000000000004b98                z_impl_k_mutex_unlock
 .text.z_reset_time_slice
                0x0000000000004d28       0x2c zephyr/kernel/libkernel.a(sched.c.obj)
                0x0000000000004d28                z_reset_time_slice
 .text.k_sched_time_slice_set
                0x0000000000004d54       0xcc zephyr/kernel/libkernel.a(sched.c.obj)
                0x0000000000004d54                k_sched_time_slice_set
 .text.z_reschedule
                0x0000000000004e20       0x88 zephyr/kernel/libkernel.a(sched.c.obj)
                0x0000000000004e20                z_reschedule
 .text.k_sched_lock
                0x0000000000004ea8       0xe8 zephyr/kernel/libkernel.a(sched.c.obj)
                0x0000000000004ea8                k_sched_lock
 .text.z_priq_dumb_remove
                0x0000000000004f90       0x44 zephyr/kernel/libkernel.a(sched.c.obj)
                0x0000000000004f90                z_priq_dumb_remove
 .text.unpend_thread_no_timeout
                0x0000000000004fd4       0x44 zephyr/kernel/libkernel.a(sched.c.obj)
 .text.update_cache
                0x0000000000005018       0x70 zephyr/kernel/libkernel.a(sched.c.obj)
 .text.move_thread_to_end_of_prio_q
                0x0000000000005088       0xac zephyr/kernel/libkernel.a(sched.c.obj)
 .text.z_time_slice
                0x0000000000005134       0xf0 zephyr/kernel/libkernel.a(sched.c.obj)
                0x0000000000005134                z_time_slice
 .text.ready_thread
                0x0000000000005224       0xa4 zephyr/kernel/libkernel.a(sched.c.obj)
 .text.z_ready_thread
                0x00000000000052c8       0x90 zephyr/kernel/libkernel.a(sched.c.obj)
                0x00000000000052c8                z_ready_thread
 .text.z_sched_start
                0x0000000000005358       0xa8 zephyr/kernel/libkernel.a(sched.c.obj)
                0x0000000000005358                z_sched_start
 .text.z_thread_timeout
                0x0000000000005400       0xb4 zephyr/kernel/libkernel.a(sched.c.obj)
                0x0000000000005400                z_thread_timeout
 .text.unready_thread
                0x00000000000054b4       0x38 zephyr/kernel/libkernel.a(sched.c.obj)
 .text.add_to_waitq_locked
                0x00000000000054ec       0x84 zephyr/kernel/libkernel.a(sched.c.obj)
 .text.pend     0x0000000000005570       0xbc zephyr/kernel/libkernel.a(sched.c.obj)
 .text.z_pend_curr
                0x000000000000562c       0x60 zephyr/kernel/libkernel.a(sched.c.obj)
                0x000000000000562c                z_pend_curr
 .text.z_set_prio
                0x000000000000568c      0x138 zephyr/kernel/libkernel.a(sched.c.obj)
                0x000000000000568c                z_set_prio
 .text.z_impl_k_thread_suspend
                0x00000000000057c4       0xd4 zephyr/kernel/libkernel.a(sched.c.obj)
                0x00000000000057c4                z_impl_k_thread_suspend
 .text.k_sched_unlock
                0x0000000000005898       0xf8 zephyr/kernel/libkernel.a(sched.c.obj)
                0x0000000000005898                k_sched_unlock
 .text.z_unpend_first_thread
                0x0000000000005990       0xa0 zephyr/kernel/libkernel.a(sched.c.obj)
                0x0000000000005990                z_unpend_first_thread
 .text.z_sched_init
                0x0000000000005a30       0x18 zephyr/kernel/libkernel.a(sched.c.obj)
                0x0000000000005a30                z_sched_init
 .text.z_impl_k_yield
                0x0000000000005a48      0x148 zephyr/kernel/libkernel.a(sched.c.obj)
                0x0000000000005a48                z_impl_k_yield
 .text.z_tick_sleep
                0x0000000000005b90      0x15c zephyr/kernel/libkernel.a(sched.c.obj)
 .text.z_impl_k_sleep
                0x0000000000005cec       0x70 zephyr/kernel/libkernel.a(sched.c.obj)
                0x0000000000005cec                z_impl_k_sleep
 .text.z_impl_z_current_get
                0x0000000000005d5c        0xc zephyr/kernel/libkernel.a(sched.c.obj)
                0x0000000000005d5c                z_impl_z_current_get
 .text.z_thread_abort
                0x0000000000005d68      0x168 zephyr/kernel/libkernel.a(sched.c.obj)
                0x0000000000005d68                z_thread_abort
 .text.z_impl_k_sem_give
                0x0000000000005ed0       0x7c zephyr/kernel/libkernel.a(sem.c.obj)
                0x0000000000005ed0                z_impl_k_sem_give
 .text.z_impl_k_sem_take
                0x0000000000005f4c      0x114 zephyr/kernel/libkernel.a(sem.c.obj)
                0x0000000000005f4c                z_impl_k_sem_take
 .text.z_setup_new_thread
                0x0000000000006060       0xc8 zephyr/kernel/libkernel.a(thread.c.obj)
                0x0000000000006060                z_setup_new_thread
 .text.z_init_static_threads
                0x0000000000006128      0x120 zephyr/kernel/libkernel.a(thread.c.obj)
                0x0000000000006128                z_init_static_threads
 .text.z_spin_lock_valid
                0x0000000000006248       0x1c zephyr/kernel/libkernel.a(thread.c.obj)
                0x0000000000006248                z_spin_lock_valid
 .text.z_spin_unlock_valid
                0x0000000000006264       0x20 zephyr/kernel/libkernel.a(thread.c.obj)
                0x0000000000006264                z_spin_unlock_valid
 .text.z_spin_lock_set_owner
                0x0000000000006284       0x10 zephyr/kernel/libkernel.a(thread.c.obj)
                0x0000000000006284                z_spin_lock_set_owner
 .text.elapsed  0x0000000000006294       0x14 zephyr/kernel/libkernel.a(timeout.c.obj)
 .text.next_timeout
                0x00000000000062a8       0x58 zephyr/kernel/libkernel.a(timeout.c.obj)
 .text.remove_timeout
                0x0000000000006300       0x34 zephyr/kernel/libkernel.a(timeout.c.obj)
 .text.z_add_timeout
                0x0000000000006334      0x1a8 zephyr/kernel/libkernel.a(timeout.c.obj)
                0x0000000000006334                z_add_timeout
 .text.z_abort_timeout
                0x00000000000064dc       0x9c zephyr/kernel/libkernel.a(timeout.c.obj)
                0x00000000000064dc                z_abort_timeout
 .text.z_get_next_timeout_expiry
                0x0000000000006578       0x90 zephyr/kernel/libkernel.a(timeout.c.obj)
                0x0000000000006578                z_get_next_timeout_expiry
 .text.z_set_timeout_expiry
                0x0000000000006608       0xa0 zephyr/kernel/libkernel.a(timeout.c.obj)
                0x0000000000006608                z_set_timeout_expiry
 .text.sys_clock_announce
                0x00000000000066a8      0x198 zephyr/kernel/libkernel.a(timeout.c.obj)
                0x00000000000066a8                sys_clock_announce
 .text.sys_clock_tick_get
                0x0000000000006840       0xa0 zephyr/kernel/libkernel.a(timeout.c.obj)
                0x0000000000006840                sys_clock_tick_get
 .text.z_data_copy
                0x00000000000068e0       0x34 zephyr/kernel/libkernel.a(xip.c.obj)
                0x00000000000068e0                z_data_copy
 .text.boot_banner
                0x0000000000006914       0x18 zephyr/kernel/libkernel.a(banner.c.obj)
                0x0000000000006914                boot_banner
 .text.nrf_cc3xx_platform_init_no_rng
                0x000000000000692c       0x38 /opt/ncs/nrfxlib/crypto/nrf_cc310_platform/lib/cortex-m4/soft-float/no-interrupts/libnrf_cc310_platform_0.9.13.a(nrf_cc3xx_platform.c.obj)
                0x000000000000692c                nrf_cc3xx_platform_init_no_rng
 .text.nrf_cc3xx_platform_abort
                0x0000000000006964       0x24 /opt/ncs/nrfxlib/crypto/nrf_cc310_platform/lib/cortex-m4/soft-float/no-interrupts/libnrf_cc310_platform_0.9.13.a(nrf_cc3xx_platform_abort.c.obj)
 .text.CC_PalAbort
                0x0000000000006988       0x40 /opt/ncs/nrfxlib/crypto/nrf_cc310_platform/lib/cortex-m4/soft-float/no-interrupts/libnrf_cc310_platform_0.9.13.a(nrf_cc3xx_platform_abort.c.obj)
                0x0000000000006988                CC_PalAbort
 .text.nrf_cc3xx_platform_set_abort
                0x00000000000069c8       0x10 /opt/ncs/nrfxlib/crypto/nrf_cc310_platform/lib/cortex-m4/soft-float/no-interrupts/libnrf_cc310_platform_0.9.13.a(nrf_cc3xx_platform_abort.c.obj)
                0x00000000000069c8                nrf_cc3xx_platform_set_abort
 .text.mutex_free
                0x00000000000069d8       0x28 /opt/ncs/nrfxlib/crypto/nrf_cc310_platform/lib/cortex-m4/soft-float/no-interrupts/libnrf_cc310_platform_0.9.13.a(nrf_cc3xx_platform_mutex.c.obj)
 .text.mutex_unlock
                0x0000000000006a00       0x2c /opt/ncs/nrfxlib/crypto/nrf_cc310_platform/lib/cortex-m4/soft-float/no-interrupts/libnrf_cc310_platform_0.9.13.a(nrf_cc3xx_platform_mutex.c.obj)
 .text.mutex_init
                0x0000000000006a2c       0x1c /opt/ncs/nrfxlib/crypto/nrf_cc310_platform/lib/cortex-m4/soft-float/no-interrupts/libnrf_cc310_platform_0.9.13.a(nrf_cc3xx_platform_mutex.c.obj)
 .text.mutex_lock
                0x0000000000006a48       0x44 /opt/ncs/nrfxlib/crypto/nrf_cc310_platform/lib/cortex-m4/soft-float/no-interrupts/libnrf_cc310_platform_0.9.13.a(nrf_cc3xx_platform_mutex.c.obj)
 .text.nrf_cc3xx_platform_set_mutexes
                0x0000000000006a8c       0x60 /opt/ncs/nrfxlib/crypto/nrf_cc310_platform/lib/cortex-m4/soft-float/no-interrupts/libnrf_cc310_platform_0.9.13.a(nrf_cc3xx_platform_mutex.c.obj)
                0x0000000000006a8c                nrf_cc3xx_platform_set_mutexes
 .text.CC_LibInitNoRng
                0x0000000000006aec       0x6c /opt/ncs/nrfxlib/crypto/nrf_cc310_platform/lib/cortex-m4/soft-float/no-interrupts/libnrf_cc310_platform_0.9.13.a(cc_lib.c.obj)
                0x0000000000006aec                CC_LibInitNoRng
 .text.CC_HalInit
                0x0000000000006b58        0x4 /opt/ncs/nrfxlib/crypto/nrf_cc310_platform/lib/cortex-m4/soft-float/no-interrupts/libnrf_cc310_platform_0.9.13.a(cc_hal.c.obj)
                0x0000000000006b58                CC_HalInit
 .text.CC_HalTerminate
                0x0000000000006b5c        0x4 /opt/ncs/nrfxlib/crypto/nrf_cc310_platform/lib/cortex-m4/soft-float/no-interrupts/libnrf_cc310_platform_0.9.13.a(cc_hal.c.obj)
                0x0000000000006b5c                CC_HalTerminate
 .text.CC_HalMaskInterrupt
                0x0000000000006b60        0xc /opt/ncs/nrfxlib/crypto/nrf_cc310_platform/lib/cortex-m4/soft-float/no-interrupts/libnrf_cc310_platform_0.9.13.a(cc_hal.c.obj)
                0x0000000000006b60                CC_HalMaskInterrupt
 .text.CC_PalInit
                0x0000000000006b6c       0x5c /opt/ncs/nrfxlib/crypto/nrf_cc310_platform/lib/cortex-m4/soft-float/no-interrupts/libnrf_cc310_platform_0.9.13.a(cc_pal.c.obj)
                0x0000000000006b6c                CC_PalInit
 .text.CC_PalTerminate
                0x0000000000006bc8       0x34 /opt/ncs/nrfxlib/crypto/nrf_cc310_platform/lib/cortex-m4/soft-float/no-interrupts/libnrf_cc310_platform_0.9.13.a(cc_pal.c.obj)
                0x0000000000006bc8                CC_PalTerminate
 .text.CC_PalDmaInit
                0x0000000000006bfc        0x4 /opt/ncs/nrfxlib/crypto/nrf_cc310_platform/lib/cortex-m4/soft-float/no-interrupts/libnrf_cc310_platform_0.9.13.a(cc_pal_dma.c.obj)
                0x0000000000006bfc                CC_PalDmaInit
 .text.CC_PalDmaTerminate
                0x0000000000006c00        0x4 /opt/ncs/nrfxlib/crypto/nrf_cc310_platform/lib/cortex-m4/soft-float/no-interrupts/libnrf_cc310_platform_0.9.13.a(cc_pal_dma.c.obj)
                0x0000000000006c00                CC_PalDmaTerminate
 .text.CC_PalMutexCreate
                0x0000000000006c04       0x14 /opt/ncs/nrfxlib/crypto/nrf_cc310_platform/lib/cortex-m4/soft-float/no-interrupts/libnrf_cc310_platform_0.9.13.a(cc_pal_mutex.c.obj)
                0x0000000000006c04                CC_PalMutexCreate
 .text.CC_PalMutexDestroy
                0x0000000000006c18       0x14 /opt/ncs/nrfxlib/crypto/nrf_cc310_platform/lib/cortex-m4/soft-float/no-interrupts/libnrf_cc310_platform_0.9.13.a(cc_pal_mutex.c.obj)
                0x0000000000006c18                CC_PalMutexDestroy
 .text.CC_PalPowerSaveModeInit
                0x0000000000006c2c       0x3c /opt/ncs/nrfxlib/crypto/nrf_cc310_platform/lib/cortex-m4/soft-float/no-interrupts/libnrf_cc310_platform_0.9.13.a(cc_pal_pm.c.obj)
                0x0000000000006c2c                CC_PalPowerSaveModeInit
 .text.CC_PalPowerSaveModeSelect
                0x0000000000006c68       0x84 /opt/ncs/nrfxlib/crypto/nrf_cc310_platform/lib/cortex-m4/soft-float/no-interrupts/libnrf_cc310_platform_0.9.13.a(cc_pal_pm.c.obj)
                0x0000000000006c68                CC_PalPowerSaveModeSelect
 .text._OffsetAbsSyms
                0x0000000000006cec        0x2 zephyr/CMakeFiles/offsets.dir/./arch/arm/core/offsets/offsets.c.obj
                0x0000000000006cec                _OffsetAbsSyms
 .text.gpio_add_callback
                0x0000000000006cee       0x10 app/libapp.a(main.c.obj)
 .text.assert_post_action
                0x0000000000006cfe        0xe zephyr/libzephyr.a(assert.c.obj)
                0x0000000000006cfe                assert_post_action
 .text.encode_uint
                0x0000000000006d0c       0x96 zephyr/libzephyr.a(cbprintf_complete.c.obj)
 .text.outs     0x0000000000006da2       0x2c zephyr/libzephyr.a(cbprintf_complete.c.obj)
 .text._ConfigAbsSyms
                0x0000000000006dce        0x2 zephyr/libzephyr.a(configs.c.obj)
                0x0000000000006dce                _ConfigAbsSyms
 .text.sys_notify_validate
                0x0000000000006dd0       0x22 zephyr/libzephyr.a(notify.c.obj)
                0x0000000000006dd0                sys_notify_validate
 .text.abort_function
                0x0000000000006df2        0x8 zephyr/libzephyr.a(nrf_cc3xx_platform_abort_zephyr.c.obj)
 .text.process_recheck
                0x0000000000006dfa       0x38 zephyr/libzephyr.a(onoff.c.obj)
 .text.notify_one
                0x0000000000006e32       0x2c zephyr/libzephyr.a(onoff.c.obj)
 .text.validate_args
                0x0000000000006e5e       0x1e zephyr/libzephyr.a(onoff.c.obj)
 .text.onoff_manager_init
                0x0000000000006e7c       0x26 zephyr/libzephyr.a(onoff.c.obj)
                0x0000000000006e7c                onoff_manager_init
 .text.arch_printk_char_out
                0x0000000000006ea2        0x4 zephyr/libzephyr.a(printk.c.obj)
                0x0000000000006ea2                arch_printk_char_out
 .text.printk   0x0000000000006ea6       0x1a zephyr/libzephyr.a(printk.c.obj)
                0x0000000000006ea6                printk
 .text.pm_policy_next_state
                0x0000000000006ec0        0xa zephyr/libzephyr.a(residency.c.obj)
                0x0000000000006ec0                pm_policy_next_state
 .text.z_thread_entry
                0x0000000000006eca       0x14 zephyr/libzephyr.a(thread_entry.c.obj)
                0x0000000000006eca                z_thread_entry
 .text.z_arm_fatal_error
                0x0000000000006ede        0x4 zephyr/arch/arch/arm/core/aarch32/libarch__arm__core__aarch32.a(fatal.c.obj)
                0x0000000000006ede                z_arm_fatal_error
 .text.z_do_kernel_oops
                0x0000000000006ee2        0x8 zephyr/arch/arch/arm/core/aarch32/libarch__arm__core__aarch32.a(fatal.c.obj)
                0x0000000000006ee2                z_do_kernel_oops
 .text.z_irq_spurious
                0x0000000000006eea        0x8 zephyr/arch/arch/arm/core/aarch32/libarch__arm__core__aarch32.a(irq_manage.c.obj)
                0x0000000000006eea                z_irq_spurious
 .text.z_arm_nmi
                0x0000000000006ef2        0xe zephyr/arch/arch/arm/core/aarch32/libarch__arm__core__aarch32.a(nmi.c.obj)
                0x0000000000006ef2                z_arm_nmi
 .text._stdout_hook_default
                0x0000000000006f00        0x6 zephyr/lib/libc/minimal/liblib__libc__minimal.a(stdout_console.c.obj)
 .text.strcpy   0x0000000000006f06       0x14 zephyr/lib/libc/minimal/liblib__libc__minimal.a(string.c.obj)
                0x0000000000006f06                strcpy
 .text.strlen   0x0000000000006f1a        0xe zephyr/lib/libc/minimal/liblib__libc__minimal.a(string.c.obj)
                0x0000000000006f1a                strlen
 .text.strnlen  0x0000000000006f28       0x12 zephyr/lib/libc/minimal/liblib__libc__minimal.a(string.c.obj)
                0x0000000000006f28                strnlen
 .text.strcmp   0x0000000000006f3a       0x18 zephyr/lib/libc/minimal/liblib__libc__minimal.a(string.c.obj)
                0x0000000000006f3a                strcmp
 .text.memcpy   0x0000000000006f52       0x16 zephyr/lib/libc/minimal/liblib__libc__minimal.a(string.c.obj)
                0x0000000000006f52                memcpy
 .text.memset   0x0000000000006f68       0x12 zephyr/lib/libc/minimal/liblib__libc__minimal.a(string.c.obj)
                0x0000000000006f68                memset
 .text.pm_power_state_set
                0x0000000000006f7a       0x26 zephyr/soc/arm/nordic_nrf/nrf52/libsoc__arm__nordic_nrf__nrf52.a(power.c.obj)
                0x0000000000006f7a                pm_power_state_set
 .text.pm_power_state_exit_post_ops
                0x0000000000006fa0       0x16 zephyr/soc/arm/nordic_nrf/nrf52/libsoc__arm__nordic_nrf__nrf52.a(power.c.obj)
                0x0000000000006fa0                pm_power_state_exit_post_ops
 .text.set_starting_state
                0x0000000000006fb6       0x3c zephyr/drivers/clock_control/libdrivers__clock_control.a(clock_control_nrf.c.obj)
 .text.set_on_state
                0x0000000000006ff2       0x26 zephyr/drivers/clock_control/libdrivers__clock_control.a(clock_control_nrf.c.obj)
 .text.onoff_started_callback
                0x0000000000007018        0xc zephyr/drivers/clock_control/libdrivers__clock_control.a(clock_control_nrf.c.obj)
 .text.lfclk_start
                0x0000000000007024        0x6 zephyr/drivers/clock_control/libdrivers__clock_control.a(clock_control_nrf.c.obj)
 .text.lfclk_stop
                0x000000000000702a        0x6 zephyr/drivers/clock_control/libdrivers__clock_control.a(clock_control_nrf.c.obj)
 .text.api_stop
                0x0000000000007030        0x6 zephyr/drivers/clock_control/libdrivers__clock_control.a(clock_control_nrf.c.obj)
 .text.blocking_start_callback
                0x0000000000007036        0x6 zephyr/drivers/clock_control/libdrivers__clock_control.a(clock_control_nrf.c.obj)
 .text.api_start
                0x000000000000703c       0x36 zephyr/drivers/clock_control/libdrivers__clock_control.a(clock_control_nrf.c.obj)
 .text.gpio_nrfx_port_get_raw
                0x0000000000007072        0xe zephyr/drivers/gpio/libdrivers__gpio.a(gpio_nrfx.c.obj)
 .text.gpio_nrfx_port_set_masked_raw
                0x0000000000007080       0x16 zephyr/drivers/gpio/libdrivers__gpio.a(gpio_nrfx.c.obj)
 .text.gpio_nrfx_port_set_bits_raw
                0x0000000000007096        0xc zephyr/drivers/gpio/libdrivers__gpio.a(gpio_nrfx.c.obj)
 .text.gpio_nrfx_port_clear_bits_raw
                0x00000000000070a2        0xc zephyr/drivers/gpio/libdrivers__gpio.a(gpio_nrfx.c.obj)
 .text.gpio_nrfx_port_toggle_bits
                0x00000000000070ae       0x12 zephyr/drivers/gpio/libdrivers__gpio.a(gpio_nrfx.c.obj)
 .text.uarte_nrfx_isr_int
                0x00000000000070c0       0x74 zephyr/drivers/serial/libdrivers__serial.a(uart_nrfx_uarte.c.obj)
 .text.uarte_nrfx_config_get
                0x0000000000007134       0x10 zephyr/drivers/serial/libdrivers__serial.a(uart_nrfx_uarte.c.obj)
 .text.uarte_nrfx_err_check
                0x0000000000007144        0xe zephyr/drivers/serial/libdrivers__serial.a(uart_nrfx_uarte.c.obj)
 .text.is_tx_ready
                0x0000000000007152       0x20 zephyr/drivers/serial/libdrivers__serial.a(uart_nrfx_uarte.c.obj)
 .text.uarte_nrfx_poll_in
                0x0000000000007172       0x26 zephyr/drivers/serial/libdrivers__serial.a(uart_nrfx_uarte.c.obj)
 .text.uarte_0_init
                0x0000000000007198       0x1e zephyr/drivers/serial/libdrivers__serial.a(uart_nrfx_uarte.c.obj)
 .text.uarte_1_init
                0x00000000000071b6       0x1e zephyr/drivers/serial/libdrivers__serial.a(uart_nrfx_uarte.c.obj)
 .text.sys_clock_idle_exit
                0x00000000000071d4        0x2 zephyr/drivers/timer/libdrivers__timer.a(sys_clock_init.c.obj)
                0x00000000000071d4                sys_clock_idle_exit
 .text.k_sys_fatal_error_handler
                0x00000000000071d6        0x8 modules/nrf/lib/fatal_error/lib..__nrf__lib__fatal_error.a(fatal_error.c.obj)
                0x00000000000071d6                k_sys_fatal_error_handler
 .text.hw_cc3xx_init_internal
                0x00000000000071de        0x4 modules/nrf/drivers/hw_cc310/lib..__nrf__drivers__hw_cc310.a(hw_cc310.c.obj)
 .text.hw_cc3xx_init
                0x00000000000071e2       0x12 modules/nrf/drivers/hw_cc310/lib..__nrf__drivers__hw_cc310.a(hw_cc310.c.obj)
 .text.nrfx_isr
                0x00000000000071f4        0x2 modules/hal_nordic/nrfx/libmodules__hal_nordic__nrfx.a(nrfx_glue.c.obj)
                0x00000000000071f4                nrfx_isr
 .text.nrfx_busy_wait
                0x00000000000071f6        0x4 modules/hal_nordic/nrfx/libmodules__hal_nordic__nrfx.a(nrfx_glue.c.obj)
                0x00000000000071f6                nrfx_busy_wait
 .text.nrf_gpio_pin_present_check
                0x00000000000071fa       0x22 modules/hal_nordic/nrfx/libmodules__hal_nordic__nrfx.a(nrfx_gpiote.c.obj)
 .text.nrf_gpiote_in_event_get
                0x000000000000721c        0x8 modules/hal_nordic/nrfx/libmodules__hal_nordic__nrfx.a(nrfx_gpiote.c.obj)
 .text.nrf_gpio_reconfigure
                0x0000000000007224       0x96 modules/hal_nordic/nrfx/libmodules__hal_nordic__nrfx.a(nrfx_gpiote.c.obj)
 .text.nrf_gpio_cfg_sense_set
                0x00000000000072ba       0x1e modules/hal_nordic/nrfx/libmodules__hal_nordic__nrfx.a(nrfx_gpiote.c.obj)
 .text.SEGGER_RTT_Init
                0x00000000000072d8        0x4 modules/segger/libmodules__segger.a(SEGGER_RTT.c.obj)
                0x00000000000072d8                SEGGER_RTT_Init
 .text.rtt_init
                0x00000000000072dc        0xa modules/segger/libmodules__segger.a(SEGGER_RTT_zephyr.c.obj)
 .text.z_device_state_init
                0x00000000000072e6        0x2 zephyr/kernel/libkernel.a(device.c.obj)
                0x00000000000072e6                z_device_state_init
 .text.z_device_ready
                0x00000000000072e8       0x14 zephyr/kernel/libkernel.a(device.c.obj)
                0x00000000000072e8                z_device_ready
 .text.z_pm_save_idle_exit
                0x00000000000072fc        0xe zephyr/kernel/libkernel.a(idle.c.obj)
                0x00000000000072fc                z_pm_save_idle_exit
 .text.k_mem_slab_init
                0x000000000000730a       0x38 zephyr/kernel/libkernel.a(mem_slab.c.obj)
                0x000000000000730a                k_mem_slab_init
 .text.z_impl_k_mutex_init
                0x0000000000007342        0xe zephyr/kernel/libkernel.a(mutex.c.obj)
                0x0000000000007342                z_impl_k_mutex_init
 .text.z_reschedule_irqlock
                0x0000000000007350       0x18 zephyr/kernel/libkernel.a(sched.c.obj)
                0x0000000000007350                z_reschedule_irqlock
 .text.z_reschedule_unlocked
                0x0000000000007368       0x14 zephyr/kernel/libkernel.a(sched.c.obj)
 .text.z_priq_dumb_best
                0x000000000000737c       0x14 zephyr/kernel/libkernel.a(sched.c.obj)
                0x000000000000737c                z_priq_dumb_best
 .text.k_is_in_isr
                0x0000000000007390        0xc zephyr/kernel/libkernel.a(thread.c.obj)
                0x0000000000007390                k_is_in_isr
 .text.sys_clock_tick_get_32
                0x000000000000739c        0x8 zephyr/kernel/libkernel.a(timeout.c.obj)
                0x000000000000739c                sys_clock_tick_get_32
 .text.z_impl_k_busy_wait
                0x00000000000073a4        0x8 zephyr/kernel/libkernel.a(timeout.c.obj)
                0x00000000000073a4                z_impl_k_busy_wait
 *(SORT_BY_ALIGNMENT(.TEXT.*))
 .TEXT.z_arm_platform_init
                0x00000000000073ac        0x4 zephyr/libzephyr.a(soc_nrf_common.S.obj)
                0x00000000000073ac                z_arm_platform_init
 *(SORT_BY_ALIGNMENT(.gnu.linkonce.t.*))
 *(SORT_BY_ALIGNMENT(.glue_7t))
 .glue_7t       0x00000000000073b0        0x0 linker stubs
 *(SORT_BY_ALIGNMENT(.glue_7))
 .glue_7        0x00000000000073b0        0x0 linker stubs
 *(SORT_BY_ALIGNMENT(.vfp11_veneer))
 .vfp11_veneer  0x00000000000073b0        0x0 linker stubs
 *(SORT_BY_ALIGNMENT(.v4_bx))
 .v4_bx         0x00000000000073b0        0x0 linker stubs
                0x00000000000073b0                __text_region_end = .

.ARM.exidx      0x00000000000073b0        0x8
                0x00000000000073b0                __exidx_start = .
 *(SORT_BY_ALIGNMENT(.ARM.exidx*) SORT_BY_ALIGNMENT(gnu.linkonce.armexidx.*))
 .ARM.exidx     0x00000000000073b0        0x8 /opt/gnuarmemb/gcc-arm-none-eabi-9-2019-q4-major/bin/../lib/gcc/arm-none-eabi/9.2.1/thumb/v7e-m/nofp/libgcc.a(_udivmoddi4.o)
                0x00000000000073b8                __exidx_end = .
                0x00000000000073b8                __rodata_region_start = .

initlevel       0x00000000000073b8       0x60
                0x00000000000073b8                __init_start = .
                0x00000000000073b8                __init_PRE_KERNEL_1_start = .
 *(SORT_BY_NAME(SORT_BY_ALIGNMENT(.z_init_PRE_KERNEL_1[0-9]_*)))
 .z_init_PRE_KERNEL_10_
                0x00000000000073b8        0x8 zephyr/soc/arm/nordic_nrf/nrf52/libsoc__arm__nordic_nrf__nrf52.a(soc.c.obj)
 *(SORT_BY_NAME(SORT_BY_ALIGNMENT(.z_init_PRE_KERNEL_1[1-9][0-9]_*)))
 .z_init_PRE_KERNEL_130_
                0x00000000000073c0        0x8 zephyr/drivers/clock_control/libdrivers__clock_control.a(clock_control_nrf.c.obj)
 .z_init_PRE_KERNEL_130_
                0x00000000000073c8        0x8 modules/segger/libmodules__segger.a(SEGGER_RTT_zephyr.c.obj)
 .z_init_PRE_KERNEL_130_
                0x00000000000073d0        0x8 zephyr/kernel/libkernel.a(mem_slab.c.obj)
 .z_init_PRE_KERNEL_140_
                0x00000000000073d8       0x10 zephyr/drivers/gpio/libdrivers__gpio.a(gpio_nrfx.c.obj)
 .z_init_PRE_KERNEL_140_
                0x00000000000073e8        0x8 modules/nrf/drivers/hw_cc310/lib..__nrf__drivers__hw_cc310.a(hw_cc310.c.obj)
 .z_init_PRE_KERNEL_155_
                0x00000000000073f0       0x10 zephyr/drivers/serial/libdrivers__serial.a(uart_nrfx_uarte.c.obj)
 .z_init_PRE_KERNEL_160_
                0x0000000000007400        0x8 zephyr/drivers/console/libdrivers__console.a(uart_console.c.obj)
                0x0000000000007408                __init_PRE_KERNEL_2_start = .
 *(SORT_BY_NAME(SORT_BY_ALIGNMENT(.z_init_PRE_KERNEL_2[0-9]_*)))
 .z_init_PRE_KERNEL_20_
                0x0000000000007408        0x8 zephyr/drivers/timer/libdrivers__timer.a(nrf_rtc_timer.c.obj)
 *(SORT_BY_NAME(SORT_BY_ALIGNMENT(.z_init_PRE_KERNEL_2[1-9][0-9]_*)))
                0x0000000000007410                __init_POST_KERNEL_start = .
 *(SORT_BY_NAME(SORT_BY_ALIGNMENT(.z_init_POST_KERNEL[0-9]_*)))
 *(SORT_BY_NAME(SORT_BY_ALIGNMENT(.z_init_POST_KERNEL[1-9][0-9]_*)))
 .z_init_POST_KERNEL40_
                0x0000000000007410        0x8 modules/nrf/drivers/hw_cc310/lib..__nrf__drivers__hw_cc310.a(hw_cc310.c.obj)
                0x0000000000007418                __init_APPLICATION_start = .
 *(SORT_BY_NAME(SORT_BY_ALIGNMENT(.z_init_APPLICATION[0-9]_*)))
 *(SORT_BY_NAME(SORT_BY_ALIGNMENT(.z_init_APPLICATION[1-9][0-9]_*)))
                0x0000000000007418                __init_SMP_start = .
 *(SORT_BY_NAME(SORT_BY_ALIGNMENT(.z_init_SMP[0-9]_*)))
 *(SORT_BY_NAME(SORT_BY_ALIGNMENT(.z_init_SMP[1-9][0-9]_*)))
                0x0000000000007418                __init_end = .

devices         0x0000000000007418       0x78
                0x0000000000007418                __device_start = .
                0x0000000000007418                __device_PRE_KERNEL_1_start = .
 *(SORT_BY_NAME(SORT_BY_ALIGNMENT(.z_device_PRE_KERNEL_1[0-9]_*)))
 *(SORT_BY_NAME(SORT_BY_ALIGNMENT(.z_device_PRE_KERNEL_1[1-9][0-9]_*)))
 .z_device_PRE_KERNEL_130_
                0x0000000000007418       0x18 zephyr/drivers/clock_control/libdrivers__clock_control.a(clock_control_nrf.c.obj)
                0x0000000000007418                __device_dts_ord_27
 .z_device_PRE_KERNEL_140_
                0x0000000000007430       0x30 zephyr/drivers/gpio/libdrivers__gpio.a(gpio_nrfx.c.obj)
                0x0000000000007430                __device_dts_ord_11
                0x0000000000007448                __device_dts_ord_54
 .z_device_PRE_KERNEL_155_
                0x0000000000007460       0x30 zephyr/drivers/serial/libdrivers__serial.a(uart_nrfx_uarte.c.obj)
                0x0000000000007460                __device_dts_ord_63
                0x0000000000007478                __device_dts_ord_62
                0x0000000000007490                __device_PRE_KERNEL_2_start = .
 *(SORT_BY_NAME(SORT_BY_ALIGNMENT(.z_device_PRE_KERNEL_2[0-9]_*)))
 *(SORT_BY_NAME(SORT_BY_ALIGNMENT(.z_device_PRE_KERNEL_2[1-9][0-9]_*)))
                0x0000000000007490                __device_POST_KERNEL_start = .
 *(SORT_BY_NAME(SORT_BY_ALIGNMENT(.z_device_POST_KERNEL[0-9]_*)))
 *(SORT_BY_NAME(SORT_BY_ALIGNMENT(.z_device_POST_KERNEL[1-9][0-9]_*)))
                0x0000000000007490                __device_APPLICATION_start = .
 *(SORT_BY_NAME(SORT_BY_ALIGNMENT(.z_device_APPLICATION[0-9]_*)))
 *(SORT_BY_NAME(SORT_BY_ALIGNMENT(.z_device_APPLICATION[1-9][0-9]_*)))
                0x0000000000007490                __device_SMP_start = .
 *(SORT_BY_NAME(SORT_BY_ALIGNMENT(.z_device_SMP[0-9]_*)))
 *(SORT_BY_NAME(SORT_BY_ALIGNMENT(.z_device_SMP[1-9][0-9]_*)))
                0x0000000000007490                __device_end = .

sw_isr_table    0x0000000000007490      0x180
                0x0000000000007490                . = ALIGN (0x0)
 *(SORT_BY_ALIGNMENT(.gnu.linkonce.sw_isr_table*))
 .gnu.linkonce.sw_isr_table
                0x0000000000007490      0x180 zephyr/arch/common/libisr_tables.a(isr_tables.c.obj)
                0x0000000000007490                _sw_isr_table

initlevel_error
                0x00000000000073b8        0x0
 *(SORT_BY_NAME(SORT_BY_ALIGNMENT(.z_init_[_A-Z0-9]*)))
                0x0000000000000001                ASSERT ((SIZEOF (initlevel_error) == 0x0), Undefined initialization levels used.)

app_shmem_regions
                0x0000000000007610        0x0
                0x0000000000007610                __app_shmem_regions_start = .
 *(SORT_BY_NAME(SORT_BY_ALIGNMENT(.app_regions.*)))
                0x0000000000007610                __app_shmem_regions_end = .

bt_l2cap_fixed_chan_area
                0x0000000000007610        0x0
                0x0000000000007610                _bt_l2cap_fixed_chan_list_start = .
 *(SORT_BY_NAME(SORT_BY_ALIGNMENT(._bt_l2cap_fixed_chan.static.*)))
                0x0000000000007610                _bt_l2cap_fixed_chan_list_end = .

bt_gatt_service_static_area
                0x0000000000007610        0x0
                0x0000000000007610                _bt_gatt_service_static_list_start = .
 *(SORT_BY_NAME(SORT_BY_ALIGNMENT(._bt_gatt_service_static.static.*)))
                0x0000000000007610                _bt_gatt_service_static_list_end = .

k_p4wq_initparam_area
                0x0000000000007610        0x0
                0x0000000000007610                _k_p4wq_initparam_list_start = .
 *(SORT_BY_NAME(SORT_BY_ALIGNMENT(._k_p4wq_initparam.static.*)))
                0x0000000000007610                _k_p4wq_initparam_list_end = .

log_strings_sections
                0x0000000000007610        0x0
                0x0000000000007610                __log_strings_start = .
 *(SORT_BY_NAME(SORT_BY_ALIGNMENT(.log_strings*)))
                0x0000000000007610                __log_strings_end = .

log_const_sections
                0x0000000000007610        0x0
                0x0000000000007610                __log_const_start = .
 *(SORT_BY_NAME(SORT_BY_ALIGNMENT(.log_const_*)))
                0x0000000000007610                __log_const_end = .

log_backends_sections
                0x0000000000007610        0x0
                0x0000000000007610                __log_backends_start = .
 *(SORT_BY_ALIGNMENT(._log_backend.*))
                0x0000000000007610                __log_backends_end = .

shell_area      0x0000000000007610        0x0
                0x0000000000007610                _shell_list_start = .
 *(SORT_BY_NAME(SORT_BY_ALIGNMENT(._shell.static.*)))
                0x0000000000007610                _shell_list_end = .

shell_root_cmds_sections
                0x0000000000007610        0x0
                0x0000000000007610                __shell_root_cmds_start = .
 *(SORT_BY_NAME(SORT_BY_ALIGNMENT(.shell_root_cmd_*)))
                0x0000000000007610                __shell_root_cmds_end = .

font_entry_sections
                0x0000000000007610        0x0
                0x0000000000007610                __font_entry_start = .
 *(SORT_BY_NAME(SORT_BY_ALIGNMENT(._cfb_font.*)))
                0x0000000000007610                __font_entry_end = .

tracing_backend_area
                0x0000000000007610        0x0
                0x0000000000007610                _tracing_backend_list_start = .
 *(SORT_BY_NAME(SORT_BY_ALIGNMENT(._tracing_backend.static.*)))
                0x0000000000007610                _tracing_backend_list_end = .

zephyr_dbg_info
 *(SORT_BY_ALIGNMENT(.dbg_thread_info))

device_handles  0x0000000000007610       0x40
                0x0000000000007610                __device_handles_start = .
 *(SORT_BY_NAME(SORT_BY_ALIGNMENT(.__device_handles_pass1*)))
 .__device_handles_pass1
                0x0000000000007610        0xa zephyr/drivers/clock_control/libdrivers__clock_control.a(clock_control_nrf.c.obj)
                0x0000000000007610                __devicehdl_DT_N_S_soc_S_clock_40000000
 .__device_handles_pass1
                0x000000000000761a       0x22 zephyr/drivers/gpio/libdrivers__gpio.a(gpio_nrfx.c.obj)
                0x000000000000761a                __devicehdl_DT_N_S_soc_S_gpio_50000300
                0x0000000000007624                __devicehdl_DT_N_S_soc_S_gpio_50000000
 .__device_handles_pass1
                0x000000000000763c       0x14 zephyr/drivers/serial/libdrivers__serial.a(uart_nrfx_uarte.c.obj)
                0x000000000000763c                __devicehdl_DT_N_S_soc_S_uart_40028000
                0x0000000000007646                __devicehdl_DT_N_S_soc_S_uart_40002000
                0x0000000000007650                __device_handles_end = .

rodata          0x0000000000007650      0xf38
 *(SORT_BY_ALIGNMENT(.rodata))
 *(SORT_BY_ALIGNMENT(.rodata.*))
 .rodata.delay_machine_code.12406
                0x0000000000007650        0x6 zephyr/soc/arm/nordic_nrf/nrf52/libsoc__arm__nordic_nrf__nrf52.a(soc.c.obj)
 *fill*         0x0000000000007656        0x2 
 .rodata.price  0x0000000000007658        0xc app/libapp.a(main.c.obj)
 .rodata.products
                0x0000000000007664        0xc app/libapp.a(main.c.obj)
 .rodata.apis   0x0000000000007670        0x8 zephyr/libzephyr.a(nrf_cc3xx_platform_abort_zephyr.c.obj)
 .rodata.mutex_apis
                0x0000000000007678       0x10 zephyr/libzephyr.a(nrf_cc3xx_platform_mutex_zephyr.c.obj)
 .rodata.mutexes
                0x0000000000007688       0x14 zephyr/libzephyr.a(nrf_cc3xx_platform_mutex_zephyr.c.obj)
 .rodata.static_regions
                0x000000000000769c        0xc zephyr/arch/arch/arm/core/aarch32/mpu/libarch__arm__core__aarch32__mpu.a(arm_core_mpu.c.obj)
 .rodata.mpu_config
                0x00000000000076a8        0x8 zephyr/soc/arm/common/cortex_m/libsoc__arm__common__cortex_m.a(arm_mpu_regions.c.obj)
                0x00000000000076a8                mpu_config
 .rodata.mpu_regions
                0x00000000000076b0       0x18 zephyr/soc/arm/common/cortex_m/libsoc__arm__common__cortex_m.a(arm_mpu_regions.c.obj)
 .rodata.clock_control_api
                0x00000000000076c8       0x18 zephyr/drivers/clock_control/libdrivers__clock_control.a(clock_control_nrf.c.obj)
 .rodata.config
                0x00000000000076e0       0x10 zephyr/drivers/clock_control/libdrivers__clock_control.a(clock_control_nrf.c.obj)
 .rodata.transitions.11164
                0x00000000000076f0        0xc zephyr/drivers/clock_control/libdrivers__clock_control.a(clock_control_nrf.c.obj)
 .rodata.gpio_nrfx_drv_api_funcs
                0x00000000000076fc       0x24 zephyr/drivers/gpio/libdrivers__gpio.a(gpio_nrfx.c.obj)
 .rodata.gpio_nrfx_p0_cfg
                0x0000000000007720       0x10 zephyr/drivers/gpio/libdrivers__gpio.a(gpio_nrfx.c.obj)
 .rodata.gpio_nrfx_p1_cfg
                0x0000000000007730       0x10 zephyr/drivers/gpio/libdrivers__gpio.a(gpio_nrfx.c.obj)
 .rodata.uart_nrfx_uarte_driver_api
                0x0000000000007740       0x14 zephyr/drivers/serial/libdrivers__serial.a(uart_nrfx_uarte.c.obj)
 .rodata.uarte_0z_config
                0x0000000000007754       0x20 zephyr/drivers/serial/libdrivers__serial.a(uart_nrfx_uarte.c.obj)
 .rodata.uarte_1z_config
                0x0000000000007774       0x20 zephyr/drivers/serial/libdrivers__serial.a(uart_nrfx_uarte.c.obj)
 .rodata.levels.9429
                0x0000000000007794       0x14 zephyr/kernel/libkernel.a(device.c.obj)
 .rodata._k_neg_eagain
                0x00000000000077a8        0x4 zephyr/kernel/libkernel.a(errno.c.obj)
                0x00000000000077a8                _k_neg_eagain
 .rodata.CSWTCH.8
                0x00000000000077ac       0x1c /opt/ncs/nrfxlib/crypto/nrf_cc310_platform/lib/cortex-m4/soft-float/no-interrupts/libnrf_cc310_platform_0.9.13.a(nrf_cc3xx_platform.c.obj)
 .rodata.mutex_free.str1.4
                0x00000000000077c8       0x26 /opt/ncs/nrfxlib/crypto/nrf_cc310_platform/lib/cortex-m4/soft-float/no-interrupts/libnrf_cc310_platform_0.9.13.a(nrf_cc3xx_platform_mutex.c.obj)
 *fill*         0x00000000000077ee        0x2 
 .rodata.mutex_init.str1.4
                0x00000000000077f0       0x23 /opt/ncs/nrfxlib/crypto/nrf_cc310_platform/lib/cortex-m4/soft-float/no-interrupts/libnrf_cc310_platform_0.9.13.a(nrf_cc3xx_platform_mutex.c.obj)
 *fill*         0x0000000000007813        0x1 
 .rodata.CC_PalPowerSaveModeInit.str1.4
                0x0000000000007814       0x20 /opt/ncs/nrfxlib/crypto/nrf_cc310_platform/lib/cortex-m4/soft-float/no-interrupts/libnrf_cc310_platform_0.9.13.a(cc_pal_pm.c.obj)
 .rodata.gpio_pin_configure.constprop.0.str1.1
                0x0000000000007834       0x97 app/libapp.a(main.c.obj)
 .rodata.input_output_config.str1.1
                0x00000000000078cb        0x7 app/libapp.a(main.c.obj)
 .rodata.main.str1.1
                0x00000000000078d2        0xc app/libapp.a(main.c.obj)
                                          0xd (size before relaxing)
 .rodata.str1.1
                0x00000000000078de       0x1a app/libapp.a(main.c.obj)
 .rodata.cbvprintf.str1.1
                0x00000000000078f8        0x6 zephyr/libzephyr.a(cbprintf_complete.c.obj)
 .rodata.sys_notify_finalize.str1.1
                0x00000000000078fe       0x23 zephyr/libzephyr.a(notify.c.obj)
                                         0x42 (size before relaxing)
 .rodata.mutex_free_platform.str1.1
                0x0000000000007921       0x26 zephyr/libzephyr.a(nrf_cc3xx_platform_mutex_zephyr.c.obj)
 .rodata.mutex_init_platform.str1.1
                0x0000000000007947       0x2d zephyr/libzephyr.a(nrf_cc3xx_platform_mutex_zephyr.c.obj)
 .rodata.process_event.str1.1
                0x0000000000007974      0x122 zephyr/libzephyr.a(onoff.c.obj)
                                        0x141 (size before relaxing)
 .rodata.pm_state_notify.str1.1
                0x0000000000007a96       0x9c zephyr/libzephyr.a(pm.c.obj)
 .rodata.sys_reboot.str1.1
                0x0000000000007a96       0x29 zephyr/libzephyr.a(reboot.c.obj)
 .rodata.z_arm_irq_priority_set.str1.1
                0x0000000000007abf       0x91 zephyr/arch/arch/arm/core/aarch32/libarch__arm__core__aarch32.a(irq_manage.c.obj)
                                         0xae (size before relaxing)
 .rodata.mem_manage_fault.str1.1
                0x0000000000007b50       0xa7 zephyr/arch/arch/arm/core/aarch32/cortex_m/libarch__arm__core__aarch32__cortex_m.a(fault.c.obj)
                                         0xc4 (size before relaxing)
 .rodata.z_arm_fault.str1.1
                0x0000000000007bf7       0xa5 zephyr/arch/arch/arm/core/aarch32/cortex_m/libarch__arm__core__aarch32__cortex_m.a(fault.c.obj)
                                         0xa7 (size before relaxing)
 .rodata.arm_core_mpu_configure_static_mpu_regions.str1.1
                0x0000000000007c9c       0x63 zephyr/arch/arch/arm/core/aarch32/mpu/libarch__arm__core__aarch32__mpu.a(arm_mpu.c.obj)
                                         0x82 (size before relaxing)
 .rodata.arm_core_mpu_configure_dynamic_mpu_regions.str1.1
                0x0000000000007cff       0x2d zephyr/arch/arch/arm/core/aarch32/mpu/libarch__arm__core__aarch32__mpu.a(arm_mpu.c.obj)
 .rodata.z_arm_mpu_init.str1.1
                0x0000000000007d2c       0xa5 zephyr/arch/arch/arm/core/aarch32/mpu/libarch__arm__core__aarch32__mpu.a(arm_mpu.c.obj)
 .rodata.str1.1
                0x0000000000007dd1        0xf zephyr/soc/arm/common/cortex_m/libsoc__arm__common__cortex_m.a(arm_mpu_regions.c.obj)
 .rodata.CSWTCH.9
                0x0000000000007de0        0x6 zephyr/soc/arm/nordic_nrf/nrf52/libsoc__arm__nordic_nrf__nrf52.a(soc.c.obj)
 .rodata.get_status.str1.1
                0x0000000000007de6       0x61 zephyr/drivers/clock_control/libdrivers__clock_control.a(clock_control_nrf.c.obj)
                                         0x7e (size before relaxing)
 .rodata.clock_event_handler.str1.1
                0x0000000000007e47        0x2 zephyr/drivers/clock_control/libdrivers__clock_control.a(clock_control_nrf.c.obj)
 .rodata.z_nrf_clock_control_lf_on.str1.1
                0x0000000000007e47        0x9 zephyr/drivers/clock_control/libdrivers__clock_control.a(clock_control_nrf.c.obj)
 .rodata.str1.1
                0x0000000000007e50        0x6 zephyr/drivers/clock_control/libdrivers__clock_control.a(clock_control_nrf.c.obj)
 .rodata.gpio_nrfx_manage_callback.str1.1
                0x0000000000007e56       0x6e zephyr/drivers/gpio/libdrivers__gpio.a(gpio_nrfx.c.obj)
                                         0x8b (size before relaxing)
 .rodata.nrfx_gpio_handler.str1.1
                0x0000000000007ec4        0xc zephyr/drivers/gpio/libdrivers__gpio.a(gpio_nrfx.c.obj)
 .rodata.gpio_nrfx_pin_interrupt_configure.str1.1
                0x0000000000007ed0       0x56 zephyr/drivers/gpio/libdrivers__gpio.a(gpio_nrfx.c.obj)
                                         0x58 (size before relaxing)
 .rodata.str1.1
                0x0000000000007f26        0x7 zephyr/drivers/gpio/libdrivers__gpio.a(gpio_nrfx.c.obj)
                                          0xe (size before relaxing)
 .rodata.nrf_gpio_pin_port_decode.str1.1
                0x0000000000007f2d       0x75 zephyr/drivers/serial/libdrivers__serial.a(uart_nrfx_uarte.c.obj)
 .rodata.str1.1
                0x0000000000007f2d        0xe zephyr/drivers/serial/libdrivers__serial.a(uart_nrfx_uarte.c.obj)
 .rodata.nrf_clock_is_running.constprop.0.str1.1
                0x0000000000007f3b       0x34 modules/hal_nordic/nrfx/libmodules__hal_nordic__nrfx.a(nrfx_clock.c.obj)
                                         0x53 (size before relaxing)
 .rodata.nrfx_clock_init.str1.1
                0x0000000000007f6f       0x4b modules/hal_nordic/nrfx/libmodules__hal_nordic__nrfx.a(nrfx_clock.c.obj)
 .rodata.nrfx_clock_enable.str1.1
                0x0000000000007fba       0x1e modules/hal_nordic/nrfx/libmodules__hal_nordic__nrfx.a(nrfx_clock.c.obj)
 .rodata.legacy_handler.str1.1
                0x0000000000007fd8       0x64 modules/hal_nordic/nrfx/libmodules__hal_nordic__nrfx.a(nrfx_gpiote.c.obj)
                                         0x81 (size before relaxing)
 .rodata.release_handler.str1.1
                0x000000000000803c       0x14 modules/hal_nordic/nrfx/libmodules__hal_nordic__nrfx.a(nrfx_gpiote.c.obj)
 .rodata.nrf_gpio_pin_port_decode.str1.1
                0x0000000000008050       0x58 modules/hal_nordic/nrfx/libmodules__hal_nordic__nrfx.a(nrfx_gpiote.c.obj)
 .rodata.nrfx_gpiote_channel_get.str1.1
                0x0000000000008050        0xa modules/hal_nordic/nrfx/libmodules__hal_nordic__nrfx.a(nrfx_gpiote.c.obj)
 .rodata.nrfx_gpiote_trigger_enable.str1.1
                0x000000000000805a       0x20 modules/hal_nordic/nrfx/libmodules__hal_nordic__nrfx.a(nrfx_gpiote.c.obj)
 .rodata.CSWTCH.14
                0x000000000000807a        0x6 modules/hal_nordic/nrfx/libmodules__hal_nordic__nrfx.a(system_nrf52840.c.obj)
 .rodata.CSWTCH.5
                0x0000000000008080        0x6 modules/hal_nordic/nrfx/libmodules__hal_nordic__nrfx.a(system_nrf52840.c.obj)
 .rodata._DoInit.str1.1
                0x0000000000008086       0x14 modules/segger/libmodules__segger.a(SEGGER_RTT.c.obj)
 .rodata.z_fatal_error.str1.1
                0x000000000000809a       0x74 zephyr/kernel/libkernel.a(fatal.c.obj)
                                         0x91 (size before relaxing)
 .rodata.idle.str1.1
                0x000000000000810e       0x49 zephyr/kernel/libkernel.a(idle.c.obj)
                                         0x66 (size before relaxing)
 .rodata.z_cstart.str1.1
                0x0000000000008157        0x5 zephyr/kernel/libkernel.a(init.c.obj)
 .rodata.init_mem_slab_module.str1.1
                0x000000000000815c       0x61 zephyr/kernel/libkernel.a(mem_slab.c.obj)
                                         0x7e (size before relaxing)
 .rodata.k_mem_slab_alloc.str1.1
                0x00000000000081bd       0x7f zephyr/kernel/libkernel.a(mem_slab.c.obj)
 .rodata.z_impl_k_mutex_lock.str1.1
                0x00000000000081bd       0x59 zephyr/kernel/libkernel.a(mutex.c.obj)
                                         0xf5 (size before relaxing)
 .rodata.z_impl_k_mutex_unlock.str1.1
                0x0000000000008216       0x76 zephyr/kernel/libkernel.a(mutex.c.obj)
 .rodata.k_sched_time_slice_set.str1.1
                0x000000000000828c       0x9c zephyr/kernel/libkernel.a(sched.c.obj)
 .rodata.k_sched_lock.str1.1
                0x000000000000828c       0x71 zephyr/kernel/libkernel.a(sched.c.obj)
 .rodata.z_priq_dumb_remove.str1.1
                0x000000000000828c       0x43 zephyr/kernel/libkernel.a(sched.c.obj)
 .rodata.unpend_thread_no_timeout.str1.1
                0x00000000000082cf       0x17 zephyr/kernel/libkernel.a(sched.c.obj)
 .rodata.update_cache.str1.1
                0x00000000000082e6       0x27 zephyr/kernel/libkernel.a(sched.c.obj)
 .rodata.k_sched_unlock.str1.1
                0x000000000000830d       0x31 zephyr/kernel/libkernel.a(sched.c.obj)
 .rodata.z_tick_sleep.str1.1
                0x000000000000833e       0x40 zephyr/kernel/libkernel.a(sched.c.obj)
 .rodata.z_thread_abort.str1.1
                0x000000000000837e       0x22 zephyr/kernel/libkernel.a(sched.c.obj)
                                         0x24 (size before relaxing)
 .rodata.z_impl_k_sem_give.str1.1
                0x00000000000083a0       0x70 zephyr/kernel/libkernel.a(sem.c.obj)
 .rodata.z_impl_k_sem_take.str1.1
                0x00000000000083a0       0x6d zephyr/kernel/libkernel.a(sem.c.obj)
                                         0x9c (size before relaxing)
 .rodata.z_setup_new_thread.str1.1
                0x000000000000840d       0xd4 zephyr/kernel/libkernel.a(thread.c.obj)
                                         0xf1 (size before relaxing)
 .rodata.z_init_static_threads.str1.1
                0x00000000000084e1       0x2d zephyr/kernel/libkernel.a(thread.c.obj)
                                         0x4c (size before relaxing)
 .rodata.z_add_timeout.str1.1
                0x000000000000850e       0x44 zephyr/kernel/libkernel.a(timeout.c.obj)
                                         0xe3 (size before relaxing)
 .rodata.boot_banner.str1.1
                0x0000000000008552       0x36 zephyr/kernel/libkernel.a(banner.c.obj)
                                         0x37 (size before relaxing)
 *(SORT_BY_ALIGNMENT(.gnu.linkonce.r.*))
                0x0000000000008588                . = ALIGN (0x4)
                0x0000000000008588                __rodata_region_end = .
                0x00000000000085a0                . = ALIGN (_region_min_align)
                0x0000000000010000                . = ALIGN ((0x1 << ((__rodata_region_end - __rom_region_start) <= 0x4)?0x2:((__rodata_region_end - __rom_region_start) <= 0x8)?0x3:((__rodata_region_end - __rom_region_start) <= 0x10)?0x4:((__rodata_region_end - __rom_region_start) <= 0x20)?0x5:((__rodata_region_end - __rom_region_start) <= 0x40)?0x6:((__rodata_region_end - __rom_region_start) <= 0x80)?0x7:((__rodata_region_end - __rom_region_start) <= 0x100)?0x8:((__rodata_region_end - __rom_region_start) <= 0x200)?0x9:((__rodata_region_end - __rom_region_start) <= 0x400)?0xa:((__rodata_region_end - __rom_region_start) <= 0x800)?0xb:((__rodata_region_end - __rom_region_start) <= 0x1000)?0xc:((__rodata_region_end - __rom_region_start) <= 0x2000)?0xd:((__rodata_region_end - __rom_region_start) <= 0x4000)?0xe:((__rodata_region_end - __rom_region_start) <= 0x8000)?0xf:((__rodata_region_end - __rom_region_start) <= 0x10000)?0x10:((__rodata_region_end - __rom_region_start) <= 0x20000)?0x11:((__rodata_region_end - __rom_region_start) <= 0x40000)?0x12:((__rodata_region_end - __rom_region_start) <= 0x80000)?0x13:((__rodata_region_end - __rom_region_start) <= 0x100000)?0x14:((__rodata_region_end - __rom_region_start) <= 0x200000)?0x15:((__rodata_region_end - __rom_region_start) <= 0x400000)?0x16:((__rodata_region_end - __rom_region_start) <= 0x800000)?0x17:((__rodata_region_end - __rom_region_start) <= 0x1000000)?0x18:((__rodata_region_end - __rom_region_start) <= 0x2000000)?0x19:((__rodata_region_end - __rom_region_start) <= 0x4000000)?0x1a:((__rodata_region_end - __rom_region_start) <= 0x8000000)?0x1b:((__rodata_region_end - __rom_region_start) <= 0x10000000)?0x1c:((__rodata_region_end - __rom_region_start) <= 0x20000000)?0x1d:((__rodata_region_end - __rom_region_start) <= 0x40000000)?0x1e:((__rodata_region_end - __rom_region_start) <= 0x80000000)?0x1f:0x20))
                0x0000000000010000                __rom_region_end = .
                0x0000000020000000                . = 0x20000000
                0x0000000020000000                . = ALIGN (_region_min_align)
                0x0000000020000000                _image_ram_start = .

.ramfunc        0x0000000020000000        0x0 load address 0x0000000000008588
                0x0000000020000000                . = ALIGN (_region_min_align)
                0x0000000020000000                . = ALIGN ((0x1 << (__ramfunc_size <= 0x4)?0x2:(__ramfunc_size <= 0x8)?0x3:(__ramfunc_size <= 0x10)?0x4:(__ramfunc_size <= 0x20)?0x5:(__ramfunc_size <= 0x40)?0x6:(__ramfunc_size <= 0x80)?0x7:(__ramfunc_size <= 0x100)?0x8:(__ramfunc_size <= 0x200)?0x9:(__ramfunc_size <= 0x400)?0xa:(__ramfunc_size <= 0x800)?0xb:(__ramfunc_size <= 0x1000)?0xc:(__ramfunc_size <= 0x2000)?0xd:(__ramfunc_size <= 0x4000)?0xe:(__ramfunc_size <= 0x8000)?0xf:(__ramfunc_size <= 0x10000)?0x10:(__ramfunc_size <= 0x20000)?0x11:(__ramfunc_size <= 0x40000)?0x12:(__ramfunc_size <= 0x80000)?0x13:(__ramfunc_size <= 0x100000)?0x14:(__ramfunc_size <= 0x200000)?0x15:(__ramfunc_size <= 0x400000)?0x16:(__ramfunc_size <= 0x800000)?0x17:(__ramfunc_size <= 0x1000000)?0x18:(__ramfunc_size <= 0x2000000)?0x19:(__ramfunc_size <= 0x4000000)?0x1a:(__ramfunc_size <= 0x8000000)?0x1b:(__ramfunc_size <= 0x10000000)?0x1c:(__ramfunc_size <= 0x20000000)?0x1d:(__ramfunc_size <= 0x40000000)?0x1e:(__ramfunc_size <= 0x80000000)?0x1f:0x20))
                0x0000000020000000                __ramfunc_start = .
 *(SORT_BY_ALIGNMENT(.ramfunc))
 *(SORT_BY_ALIGNMENT(.ramfunc.*))
                0x0000000020000000                . = ALIGN (_region_min_align)
                0x0000000020000000                . = ALIGN ((0x1 << (__ramfunc_size <= 0x4)?0x2:(__ramfunc_size <= 0x8)?0x3:(__ramfunc_size <= 0x10)?0x4:(__ramfunc_size <= 0x20)?0x5:(__ramfunc_size <= 0x40)?0x6:(__ramfunc_size <= 0x80)?0x7:(__ramfunc_size <= 0x100)?0x8:(__ramfunc_size <= 0x200)?0x9:(__ramfunc_size <= 0x400)?0xa:(__ramfunc_size <= 0x800)?0xb:(__ramfunc_size <= 0x1000)?0xc:(__ramfunc_size <= 0x2000)?0xd:(__ramfunc_size <= 0x4000)?0xe:(__ramfunc_size <= 0x8000)?0xf:(__ramfunc_size <= 0x10000)?0x10:(__ramfunc_size <= 0x20000)?0x11:(__ramfunc_size <= 0x40000)?0x12:(__ramfunc_size <= 0x80000)?0x13:(__ramfunc_size <= 0x100000)?0x14:(__ramfunc_size <= 0x200000)?0x15:(__ramfunc_size <= 0x400000)?0x16:(__ramfunc_size <= 0x800000)?0x17:(__ramfunc_size <= 0x1000000)?0x18:(__ramfunc_size <= 0x2000000)?0x19:(__ramfunc_size <= 0x4000000)?0x1a:(__ramfunc_size <= 0x8000000)?0x1b:(__ramfunc_size <= 0x10000000)?0x1c:(__ramfunc_size <= 0x20000000)?0x1d:(__ramfunc_size <= 0x40000000)?0x1e:(__ramfunc_size <= 0x80000000)?0x1f:0x20))
                0x0000000020000000                __ramfunc_end = .
                0x0000000000000000                __ramfunc_size = (__ramfunc_end - __ramfunc_start)
                0x0000000000008588                __ramfunc_load_start = LOADADDR (.ramfunc)

datas           0x0000000020000000      0x13c load address 0x0000000000008588
                0x0000000020000000                __data_region_start = .
                0x0000000020000000                __data_start = .
 *(SORT_BY_ALIGNMENT(.data))
 *(SORT_BY_ALIGNMENT(.data.*))
 .data.asym_mutex
                0x0000000020000000        0x8 zephyr/libzephyr.a(nrf_cc3xx_platform_mutex_zephyr.c.obj)
 .data.power_mutex
                0x0000000020000008        0x8 zephyr/libzephyr.a(nrf_cc3xx_platform_mutex_zephyr.c.obj)
 .data.rng_mutex
                0x0000000020000010        0x8 zephyr/libzephyr.a(nrf_cc3xx_platform_mutex_zephyr.c.obj)
 .data.sym_mutex
                0x0000000020000018        0x8 zephyr/libzephyr.a(nrf_cc3xx_platform_mutex_zephyr.c.obj)
 .data._char_out
                0x0000000020000020        0x4 zephyr/libzephyr.a(printk.c.obj)
                0x0000000020000020                _char_out
 .data._stdout_hook
                0x0000000020000024        0x4 zephyr/lib/libc/minimal/liblib__libc__minimal.a(stdout_console.c.obj)
 .data.uarte_0_data
                0x0000000020000028       0x14 zephyr/drivers/serial/libdrivers__serial.a(uart_nrfx_uarte.c.obj)
 .data.uarte_1_data
                0x000000002000003c       0x14 zephyr/drivers/serial/libdrivers__serial.a(uart_nrfx_uarte.c.obj)
 .data.m_cb     0x0000000020000050       0x7c modules/hal_nordic/nrfx/libmodules__hal_nordic__nrfx.a(nrfx_gpiote.c.obj)
 .data.m_channels_allocated
                0x00000000200000cc        0x4 modules/hal_nordic/nrfx/libmodules__hal_nordic__nrfx.a(nrfx_ppi.c.obj)
 .data.SystemCoreClock
                0x00000000200000d0        0x4 modules/hal_nordic/nrfx/libmodules__hal_nordic__nrfx.a(system_nrf52840.c.obj)
                0x00000000200000d0                SystemCoreClock
 .data.timeout_list
                0x00000000200000d4        0x8 zephyr/kernel/libkernel.a(timeout.c.obj)
 .data.platform_abort_apis
                0x00000000200000dc        0x8 /opt/ncs/nrfxlib/crypto/nrf_cc310_platform/lib/cortex-m4/soft-float/no-interrupts/libnrf_cc310_platform_0.9.13.a(nrf_cc3xx_platform_abort.c.obj)
                0x00000000200000dc                platform_abort_apis
 .data.asym_mutex
                0x00000000200000e4        0x8 /opt/ncs/nrfxlib/crypto/nrf_cc310_platform/lib/cortex-m4/soft-float/no-interrupts/libnrf_cc310_platform_0.9.13.a(nrf_cc3xx_platform_mutex.c.obj)
 .data.platform_mutex_apis
                0x00000000200000ec       0x10 /opt/ncs/nrfxlib/crypto/nrf_cc310_platform/lib/cortex-m4/soft-float/no-interrupts/libnrf_cc310_platform_0.9.13.a(nrf_cc3xx_platform_mutex.c.obj)
                0x00000000200000ec                platform_mutex_apis
 .data.platform_mutexes
                0x00000000200000fc       0x14 /opt/ncs/nrfxlib/crypto/nrf_cc310_platform/lib/cortex-m4/soft-float/no-interrupts/libnrf_cc310_platform_0.9.13.a(nrf_cc3xx_platform_mutex.c.obj)
                0x00000000200000fc                platform_mutexes
 .data.power_mutex
                0x0000000020000110        0x8 /opt/ncs/nrfxlib/crypto/nrf_cc310_platform/lib/cortex-m4/soft-float/no-interrupts/libnrf_cc310_platform_0.9.13.a(nrf_cc3xx_platform_mutex.c.obj)
 .data.rng_mutex
                0x0000000020000118        0x8 /opt/ncs/nrfxlib/crypto/nrf_cc310_platform/lib/cortex-m4/soft-float/no-interrupts/libnrf_cc310_platform_0.9.13.a(nrf_cc3xx_platform_mutex.c.obj)
 .data.sym_mutex
                0x0000000020000120        0x8 /opt/ncs/nrfxlib/crypto/nrf_cc310_platform/lib/cortex-m4/soft-float/no-interrupts/libnrf_cc310_platform_0.9.13.a(nrf_cc3xx_platform_mutex.c.obj)
 .data.CCAsymCryptoMutex
                0x0000000020000128        0x4 /opt/ncs/nrfxlib/crypto/nrf_cc310_platform/lib/cortex-m4/soft-float/no-interrupts/libnrf_cc310_platform_0.9.13.a(cc_pal.c.obj)
                0x0000000020000128                CCAsymCryptoMutex
 .data.CCPowerMutex
                0x000000002000012c        0x4 /opt/ncs/nrfxlib/crypto/nrf_cc310_platform/lib/cortex-m4/soft-float/no-interrupts/libnrf_cc310_platform_0.9.13.a(cc_pal.c.obj)
                0x000000002000012c                CCPowerMutex
 .data.CCRndCryptoMutex
                0x0000000020000130        0x4 /opt/ncs/nrfxlib/crypto/nrf_cc310_platform/lib/cortex-m4/soft-float/no-interrupts/libnrf_cc310_platform_0.9.13.a(cc_pal.c.obj)
                0x0000000020000130                CCRndCryptoMutex
 .data.CCSymCryptoMutex
                0x0000000020000134        0x4 /opt/ncs/nrfxlib/crypto/nrf_cc310_platform/lib/cortex-m4/soft-float/no-interrupts/libnrf_cc310_platform_0.9.13.a(cc_pal.c.obj)
                0x0000000020000134                CCSymCryptoMutex
 .data.pCCRndCryptoMutex
                0x0000000020000138        0x4 /opt/ncs/nrfxlib/crypto/nrf_cc310_platform/lib/cortex-m4/soft-float/no-interrupts/libnrf_cc310_platform_0.9.13.a(cc_pal.c.obj)
                0x0000000020000138                pCCRndCryptoMutex
 *(SORT_BY_ALIGNMENT(.kernel.*))
                0x000000002000013c                __data_end = .
                0x000000000000013c                __data_size = (__data_end - __data_start)
                0x0000000000008588                __data_load_start = LOADADDR (datas)
                0x0000000000008588                __data_region_load_start = LOADADDR (datas)

device_states   0x000000002000013c       0x14 load address 0x00000000000086c4
                0x000000002000013c                __device_states_start = .
 *(SORT_BY_ALIGNMENT(.z_devstate))
 .z_devstate    0x000000002000013c        0x4 zephyr/drivers/clock_control/libdrivers__clock_control.a(clock_control_nrf.c.obj)
 .z_devstate    0x0000000020000140        0x8 zephyr/drivers/gpio/libdrivers__gpio.a(gpio_nrfx.c.obj)
 .z_devstate    0x0000000020000148        0x8 zephyr/drivers/serial/libdrivers__serial.a(uart_nrfx_uarte.c.obj)
 *(SORT_BY_ALIGNMENT(.z_devstate.*))
                0x0000000020000150                __device_states_end = .

initshell       0x0000000020000150        0x0 load address 0x00000000000086d8
                0x0000000020000150                __shell_module_start = .
 *(SORT_BY_ALIGNMENT(.shell_module_*))
                0x0000000020000150                __shell_module_end = .
                0x0000000020000150                __shell_cmd_start = .
 *(SORT_BY_ALIGNMENT(.shell_cmd_*))
                0x0000000020000150                __shell_cmd_end = .

log_dynamic_sections
                0x0000000020000150        0x0 load address 0x00000000000086d8
                0x0000000020000150                __log_dynamic_start = .
 *(SORT_BY_NAME(SORT_BY_ALIGNMENT(.log_dynamic_*)))
                0x0000000020000150                __log_dynamic_end = .

_static_thread_data_area
                0x0000000020000150        0x0 load address 0x00000000000086d8
                0x0000000020000150                __static_thread_data_list_start = .
 *(SORT_BY_NAME(SORT_BY_ALIGNMENT(.__static_thread_data.static.*)))
                0x0000000020000150                __static_thread_data_list_end = .

k_timer_area    0x0000000020000150        0x0 load address 0x00000000000086d8
                0x0000000020000150                _k_timer_list_start = .
 *(SORT_BY_NAME(SORT_BY_ALIGNMENT(._k_timer.static.*)))
                0x0000000020000150                _k_timer_list_end = .

k_mem_slab_area
                0x0000000020000150        0x0 load address 0x00000000000086d8
                0x0000000020000150                _k_mem_slab_list_start = .
 *(SORT_BY_NAME(SORT_BY_ALIGNMENT(._k_mem_slab.static.*)))
                0x0000000020000150                _k_mem_slab_list_end = .

k_mem_pool_area
                0x0000000020000150        0x0 load address 0x00000000000086d8
                0x0000000020000150                _k_mem_pool_list_start = .
 *(SORT_BY_NAME(SORT_BY_ALIGNMENT(._k_mem_pool.static.*)))
                0x0000000020000150                _k_mem_pool_list_end = .

k_heap_area     0x0000000020000150        0x0 load address 0x00000000000086d8
                0x0000000020000150                _k_heap_list_start = .
 *(SORT_BY_NAME(SORT_BY_ALIGNMENT(._k_heap.static.*)))
                0x0000000020000150                _k_heap_list_end = .

k_mutex_area    0x0000000020000150       0x50 load address 0x00000000000086d8
                0x0000000020000150                _k_mutex_list_start = .
 *(SORT_BY_NAME(SORT_BY_ALIGNMENT(._k_mutex.static.*)))
 ._k_mutex.static.asym_mutex_int
                0x0000000020000150       0x14 zephyr/libzephyr.a(nrf_cc3xx_platform_mutex_zephyr.c.obj)
                0x0000000020000150                asym_mutex_int
 ._k_mutex.static.power_mutex_int
                0x0000000020000164       0x14 zephyr/libzephyr.a(nrf_cc3xx_platform_mutex_zephyr.c.obj)
                0x0000000020000164                power_mutex_int
 ._k_mutex.static.rng_mutex_int
                0x0000000020000178       0x14 zephyr/libzephyr.a(nrf_cc3xx_platform_mutex_zephyr.c.obj)
                0x0000000020000178                rng_mutex_int
 ._k_mutex.static.sym_mutex_int
                0x000000002000018c       0x14 zephyr/libzephyr.a(nrf_cc3xx_platform_mutex_zephyr.c.obj)
                0x000000002000018c                sym_mutex_int
                0x00000000200001a0                _k_mutex_list_end = .
